Archive member included to satisfy reference by file (symbol)

d:/st/stm32cubeide_1.4.0/stm32cubeide/plugins/com.st.stm32cube.ide.mcu.externaltools.gnu-tools-for-stm32.7-2018-q2-update.win32_1.4.0.202007081208/tools/bin/../lib/gcc/arm-none-eabi/7.3.1/../../../../arm-none-eabi/lib/thumb/v7e-m/fpv4-sp/hard\libc_nano.a(lib_a-errno.o)
                              Core/Src/syscalls.o (__errno)
d:/st/stm32cubeide_1.4.0/stm32cubeide/plugins/com.st.stm32cube.ide.mcu.externaltools.gnu-tools-for-stm32.7-2018-q2-update.win32_1.4.0.202007081208/tools/bin/../lib/gcc/arm-none-eabi/7.3.1/../../../../arm-none-eabi/lib/thumb/v7e-m/fpv4-sp/hard\libc_nano.a(lib_a-exit.o)
                              d:/st/stm32cubeide_1.4.0/stm32cubeide/plugins/com.st.stm32cube.ide.mcu.externaltools.gnu-tools-for-stm32.7-2018-q2-update.win32_1.4.0.202007081208/tools/bin/../lib/gcc/arm-none-eabi/7.3.1/../../../../arm-none-eabi/lib/thumb/v7e-m/fpv4-sp/hard/crt0.o (exit)
d:/st/stm32cubeide_1.4.0/stm32cubeide/plugins/com.st.stm32cube.ide.mcu.externaltools.gnu-tools-for-stm32.7-2018-q2-update.win32_1.4.0.202007081208/tools/bin/../lib/gcc/arm-none-eabi/7.3.1/../../../../arm-none-eabi/lib/thumb/v7e-m/fpv4-sp/hard\libc_nano.a(lib_a-impure.o)
                              d:/st/stm32cubeide_1.4.0/stm32cubeide/plugins/com.st.stm32cube.ide.mcu.externaltools.gnu-tools-for-stm32.7-2018-q2-update.win32_1.4.0.202007081208/tools/bin/../lib/gcc/arm-none-eabi/7.3.1/../../../../arm-none-eabi/lib/thumb/v7e-m/fpv4-sp/hard\libc_nano.a(lib_a-exit.o) (_global_impure_ptr)
d:/st/stm32cubeide_1.4.0/stm32cubeide/plugins/com.st.stm32cube.ide.mcu.externaltools.gnu-tools-for-stm32.7-2018-q2-update.win32_1.4.0.202007081208/tools/bin/../lib/gcc/arm-none-eabi/7.3.1/../../../../arm-none-eabi/lib/thumb/v7e-m/fpv4-sp/hard\libc_nano.a(lib_a-init.o)
                              d:/st/stm32cubeide_1.4.0/stm32cubeide/plugins/com.st.stm32cube.ide.mcu.externaltools.gnu-tools-for-stm32.7-2018-q2-update.win32_1.4.0.202007081208/tools/bin/../lib/gcc/arm-none-eabi/7.3.1/../../../../arm-none-eabi/lib/thumb/v7e-m/fpv4-sp/hard/crt0.o (__libc_init_array)
d:/st/stm32cubeide_1.4.0/stm32cubeide/plugins/com.st.stm32cube.ide.mcu.externaltools.gnu-tools-for-stm32.7-2018-q2-update.win32_1.4.0.202007081208/tools/bin/../lib/gcc/arm-none-eabi/7.3.1/../../../../arm-none-eabi/lib/thumb/v7e-m/fpv4-sp/hard\libc_nano.a(lib_a-memset.o)
                              d:/st/stm32cubeide_1.4.0/stm32cubeide/plugins/com.st.stm32cube.ide.mcu.externaltools.gnu-tools-for-stm32.7-2018-q2-update.win32_1.4.0.202007081208/tools/bin/../lib/gcc/arm-none-eabi/7.3.1/../../../../arm-none-eabi/lib/thumb/v7e-m/fpv4-sp/hard/crt0.o (memset)

Allocating common symbols
Common symbol       size              file

hUsbDeviceFS        0x2d0             USB_Device/App/usb_device.o
uwTick              0x4               Drivers/STM32G4xx_HAL_Driver/Src/stm32g4xx_hal.o
UserRxBufferFS      0x3e8             USB_Device/App/usbd_cdc_if.o
UserTxBufferFS      0x3e8             USB_Device/App/usbd_cdc_if.o
hpcd_USB_FS         0x2f4             USB_Device/Target/usbd_conf.o
USBD_StrDesc        0x200             USB_Device/App/usbd_desc.o

Discarded input sections

 .text          0x0000000000000000        0x0 d:/st/stm32cubeide_1.4.0/stm32cubeide/plugins/com.st.stm32cube.ide.mcu.externaltools.gnu-tools-for-stm32.7-2018-q2-update.win32_1.4.0.202007081208/tools/bin/../lib/gcc/arm-none-eabi/7.3.1/thumb/v7e-m/fpv4-sp/hard/crti.o
 .data          0x0000000000000000        0x0 d:/st/stm32cubeide_1.4.0/stm32cubeide/plugins/com.st.stm32cube.ide.mcu.externaltools.gnu-tools-for-stm32.7-2018-q2-update.win32_1.4.0.202007081208/tools/bin/../lib/gcc/arm-none-eabi/7.3.1/thumb/v7e-m/fpv4-sp/hard/crti.o
 .bss           0x0000000000000000        0x0 d:/st/stm32cubeide_1.4.0/stm32cubeide/plugins/com.st.stm32cube.ide.mcu.externaltools.gnu-tools-for-stm32.7-2018-q2-update.win32_1.4.0.202007081208/tools/bin/../lib/gcc/arm-none-eabi/7.3.1/thumb/v7e-m/fpv4-sp/hard/crti.o
 .data          0x0000000000000000        0x4 d:/st/stm32cubeide_1.4.0/stm32cubeide/plugins/com.st.stm32cube.ide.mcu.externaltools.gnu-tools-for-stm32.7-2018-q2-update.win32_1.4.0.202007081208/tools/bin/../lib/gcc/arm-none-eabi/7.3.1/thumb/v7e-m/fpv4-sp/hard/crtbegin.o
 .text          0x0000000000000000       0x74 d:/st/stm32cubeide_1.4.0/stm32cubeide/plugins/com.st.stm32cube.ide.mcu.externaltools.gnu-tools-for-stm32.7-2018-q2-update.win32_1.4.0.202007081208/tools/bin/../lib/gcc/arm-none-eabi/7.3.1/../../../../arm-none-eabi/lib/thumb/v7e-m/fpv4-sp/hard/crt0.o
 .data          0x0000000000000000        0x0 d:/st/stm32cubeide_1.4.0/stm32cubeide/plugins/com.st.stm32cube.ide.mcu.externaltools.gnu-tools-for-stm32.7-2018-q2-update.win32_1.4.0.202007081208/tools/bin/../lib/gcc/arm-none-eabi/7.3.1/../../../../arm-none-eabi/lib/thumb/v7e-m/fpv4-sp/hard/crt0.o
[...]
Memory Configuration

Name             Origin             Length             Attributes
RAM              0x0000000020000000 0x0000000000008000 xrw
FLASH            0x0000000008000000 0x0000000000020000 xr
*default*        0x0000000000000000 0xffffffffffffffff

Linker script and memory map

LOAD d:/st/stm32cubeide_1.4.0/stm32cubeide/plugins/com.st.stm32cube.ide.mcu.externaltools.gnu-tools-for-stm32.7-2018-q2-update.win32_1.4.0.202007081208/tools/bin/../lib/gcc/arm-none-eabi/7.3.1/thumb/v7e-m/fpv4-sp/hard/crti.o
LOAD d:/st/stm32cubeide_1.4.0/stm32cubeide/plugins/com.st.stm32cube.ide.mcu.externaltools.gnu-tools-for-stm32.7-2018-q2-update.win32_1.4.0.202007081208/tools/bin/../lib/gcc/arm-none-eabi/7.3.1/thumb/v7e-m/fpv4-sp/hard/crtbegin.o
LOAD d:/st/stm32cubeide_1.4.0/stm32cubeide/plugins/com.st.stm32cube.ide.mcu.externaltools.gnu-tools-for-stm32.7-2018-q2-update.win32_1.4.0.202007081208/tools/bin/../lib/gcc/arm-none-eabi/7.3.1/../../../../arm-none-eabi/lib/thumb/v7e-m/fpv4-sp/hard/crt0.o
LOAD Core/Src/main.o
LOAD Core/Src/stm32g4xx_hal_msp.o
LOAD Core/Src/stm32g4xx_it.o
LOAD Core/Src/syscalls.o
LOAD Core/Src/sysmem.o
LOAD Core/Src/system_stm32g4xx.o
LOAD Core/Startup/startup_stm32g431kbtx.o
LOAD Drivers/STM32G4xx_HAL_Driver/Src/stm32g4xx_hal.o
LOAD Drivers/STM32G4xx_HAL_Driver/Src/stm32g4xx_hal_cortex.o
LOAD Drivers/STM32G4xx_HAL_Driver/Src/stm32g4xx_hal_dma.o
LOAD Drivers/STM32G4xx_HAL_Driver/Src/stm32g4xx_hal_dma_ex.o
LOAD Drivers/STM32G4xx_HAL_Driver/Src/stm32g4xx_hal_exti.o
LOAD Drivers/STM32G4xx_HAL_Driver/Src/stm32g4xx_hal_flash.o
LOAD Drivers/STM32G4xx_HAL_Driver/Src/stm32g4xx_hal_flash_ex.o
LOAD Drivers/STM32G4xx_HAL_Driver/Src/stm32g4xx_hal_flash_ramfunc.o
LOAD Drivers/STM32G4xx_HAL_Driver/Src/stm32g4xx_hal_gpio.o
LOAD Drivers/STM32G4xx_HAL_Driver/Src/stm32g4xx_hal_pcd.o
LOAD Drivers/STM32G4xx_HAL_Driver/Src/stm32g4xx_hal_pcd_ex.o
LOAD Drivers/STM32G4xx_HAL_Driver/Src/stm32g4xx_hal_pwr.o
LOAD Drivers/STM32G4xx_HAL_Driver/Src/stm32g4xx_hal_pwr_ex.o
LOAD Drivers/STM32G4xx_HAL_Driver/Src/stm32g4xx_hal_rcc.o
LOAD Drivers/STM32G4xx_HAL_Driver/Src/stm32g4xx_hal_rcc_ex.o
LOAD Drivers/STM32G4xx_HAL_Driver/Src/stm32g4xx_hal_tim.o
LOAD Drivers/STM32G4xx_HAL_Driver/Src/stm32g4xx_hal_tim_ex.o
LOAD Drivers/STM32G4xx_HAL_Driver/Src/stm32g4xx_ll_usb.o
LOAD Middlewares/ST/STM32_USB_Device_Library/Class/CDC/Src/usbd_cdc.o
LOAD Middlewares/ST/STM32_USB_Device_Library/Core/Src/usbd_core.o
LOAD Middlewares/ST/STM32_USB_Device_Library/Core/Src/usbd_ctlreq.o
LOAD Middlewares/ST/STM32_USB_Device_Library/Core/Src/usbd_ioreq.o
LOAD USB_Device/App/usb_device.o
LOAD USB_Device/App/usbd_cdc_if.o
LOAD USB_Device/App/usbd_desc.o
LOAD USB_Device/Target/usbd_conf.o
START GROUP
LOAD d:/st/stm32cubeide_1.4.0/stm32cubeide/plugins/com.st.stm32cube.ide.mcu.externaltools.gnu-tools-for-stm32.7-2018-q2-update.win32_1.4.0.202007081208/tools/bin/../lib/gcc/arm-none-eabi/7.3.1/../../../../arm-none-eabi/lib/thumb/v7e-m/fpv4-sp/hard\libc_nano.a
LOAD d:/st/stm32cubeide_1.4.0/stm32cubeide/plugins/com.st.stm32cube.ide.mcu.externaltools.gnu-tools-for-stm32.7-2018-q2-update.win32_1.4.0.202007081208/tools/bin/../lib/gcc/arm-none-eabi/7.3.1/../../../../arm-none-eabi/lib/thumb/v7e-m/fpv4-sp/hard\libm.a
END GROUP
START GROUP
LOAD d:/st/stm32cubeide_1.4.0/stm32cubeide/plugins/com.st.stm32cube.ide.mcu.externaltools.gnu-tools-for-stm32.7-2018-q2-update.win32_1.4.0.202007081208/tools/bin/../lib/gcc/arm-none-eabi/7.3.1/thumb/v7e-m/fpv4-sp/hard\libgcc.a
LOAD d:/st/stm32cubeide_1.4.0/stm32cubeide/plugins/com.st.stm32cube.ide.mcu.externaltools.gnu-tools-for-stm32.7-2018-q2-update.win32_1.4.0.202007081208/tools/bin/../lib/gcc/arm-none-eabi/7.3.1/../../../../arm-none-eabi/lib/thumb/v7e-m/fpv4-sp/hard\libc_nano.a
END GROUP
START GROUP
LOAD d:/st/stm32cubeide_1.4.0/stm32cubeide/plugins/com.st.stm32cube.ide.mcu.externaltools.gnu-tools-for-stm32.7-2018-q2-update.win32_1.4.0.202007081208/tools/bin/../lib/gcc/arm-none-eabi/7.3.1/thumb/v7e-m/fpv4-sp/hard\libgcc.a
LOAD d:/st/stm32cubeide_1.4.0/stm32cubeide/plugins/com.st.stm32cube.ide.mcu.externaltools.gnu-tools-for-stm32.7-2018-q2-update.win32_1.4.0.202007081208/tools/bin/../lib/gcc/arm-none-eabi/7.3.1/../../../../arm-none-eabi/lib/thumb/v7e-m/fpv4-sp/hard\libc_nano.a
LOAD d:/st/stm32cubeide_1.4.0/stm32cubeide/plugins/com.st.stm32cube.ide.mcu.externaltools.gnu-tools-for-stm32.7-2018-q2-update.win32_1.4.0.202007081208/tools/bin/../lib/gcc/arm-none-eabi/7.3.1/../../../../arm-none-eabi/lib/thumb/v7e-m/fpv4-sp/hard\libnosys.a
END GROUP
START GROUP
LOAD d:/st/stm32cubeide_1.4.0/stm32cubeide/plugins/com.st.stm32cube.ide.mcu.externaltools.gnu-tools-for-stm32.7-2018-q2-update.win32_1.4.0.202007081208/tools/bin/../lib/gcc/arm-none-eabi/7.3.1/thumb/v7e-m/fpv4-sp/hard\libgcc.a
LOAD d:/st/stm32cubeide_1.4.0/stm32cubeide/plugins/com.st.stm32cube.ide.mcu.externaltools.gnu-tools-for-stm32.7-2018-q2-update.win32_1.4.0.202007081208/tools/bin/../lib/gcc/arm-none-eabi/7.3.1/../../../../arm-none-eabi/lib/thumb/v7e-m/fpv4-sp/hard\libc_nano.a
LOAD d:/st/stm32cubeide_1.4.0/stm32cubeide/plugins/com.st.stm32cube.ide.mcu.externaltools.gnu-tools-for-stm32.7-2018-q2-update.win32_1.4.0.202007081208/tools/bin/../lib/gcc/arm-none-eabi/7.3.1/../../../../arm-none-eabi/lib/thumb/v7e-m/fpv4-sp/hard\libnosys.a
END GROUP
LOAD d:/st/stm32cubeide_1.4.0/stm32cubeide/plugins/com.st.stm32cube.ide.mcu.externaltools.gnu-tools-for-stm32.7-2018-q2-update.win32_1.4.0.202007081208/tools/bin/../lib/gcc/arm-none-eabi/7.3.1/thumb/v7e-m/fpv4-sp/hard/crtend.o
LOAD d:/st/stm32cubeide_1.4.0/stm32cubeide/plugins/com.st.stm32cube.ide.mcu.externaltools.gnu-tools-for-stm32.7-2018-q2-update.win32_1.4.0.202007081208/tools/bin/../lib/gcc/arm-none-eabi/7.3.1/thumb/v7e-m/fpv4-sp/hard/crtn.o
                0x0000000020008000                _estack = (ORIGIN (RAM) + LENGTH (RAM))
                0x0000000000000600                _Min_Heap_Size = 0x600
                0x0000000000000400                _Min_Stack_Size = 0x400

.isr_vector     0x0000000008000000      0x1d8
                0x0000000008000000                . = ALIGN (0x4)
 *(.isr_vector)
 .isr_vector    0x0000000008000000      0x1d8 Core/Startup/startup_stm32g431kbtx.o
                0x0000000008000000                g_pfnVectors
                0x00000000080001d8                . = ALIGN (0x4)

.text           0x00000000080001d8     0x6eb0
                0x00000000080001d8                . = ALIGN (0x4)
 *(.text)
 .text          0x00000000080001d8       0x40 d:/st/stm32cubeide_1.4.0/stm32cubeide/plugins/com.st.stm32cube.ide.mcu.externaltools.gnu-tools-for-stm32.7-2018-q2-update.win32_1.4.0.202007081208/tools/bin/../lib/gcc/arm-none-eabi/7.3.1/thumb/v7e-m/fpv4-sp/hard/crtbegin.o
 *(.text*)
 .text.main     0x0000000008000218       0x16 Core/Src/main.o
                0x0000000008000218                main
 .text.SystemClock_Config
                0x000000000800022e       0xd0 Core/Src/main.o
                0x000000000800022e                SystemClock_Config
 *fill*         0x00000000080002fe        0x2 
 .text.MX_GPIO_Init
                0x0000000008000300       0x30 Core/Src/main.o
 .text.Error_Handler
                0x0000000008000330        0xe Core/Src/main.o
                0x0000000008000330                Error_Handler
 *fill*         0x000000000800033e        0x2 
 .text.HAL_MspInit
                0x0000000008000340       0x48 Core/Src/stm32g4xx_hal_msp.o
                0x0000000008000340                HAL_MspInit
 .text.NMI_Handler
                0x0000000008000388        0xe Core/Src/stm32g4xx_it.o
                0x0000000008000388                NMI_Handler
 .text.HardFault_Handler
                0x0000000008000396        0x6 Core/Src/stm32g4xx_it.o
                0x0000000008000396                HardFault_Handler
 .text.MemManage_Handler
                0x000000000800039c        0x6 Core/Src/stm32g4xx_it.o
                0x000000000800039c                MemManage_Handler
 .text.BusFault_Handler
                0x00000000080003a2        0x6 Core/Src/stm32g4xx_it.o
                0x00000000080003a2                BusFault_Handler
 .text.UsageFault_Handler
                0x00000000080003a8        0x6 Core/Src/stm32g4xx_it.o
                0x00000000080003a8                UsageFault_Handler
 .text.SVC_Handler
                0x00000000080003ae        0xe Core/Src/stm32g4xx_it.o
                0x00000000080003ae                SVC_Handler
 .text.DebugMon_Handler
                0x00000000080003bc        0xe Core/Src/stm32g4xx_it.o
                0x00000000080003bc                DebugMon_Handler
 .text.PendSV_Handler
                0x00000000080003ca        0xe Core/Src/stm32g4xx_it.o
                0x00000000080003ca                PendSV_Handler
 .text.SysTick_Handler
                0x00000000080003d8        0xc Core/Src/stm32g4xx_it.o
                0x00000000080003d8                SysTick_Handler
 .text.USB_LP_IRQHandler
                0x00000000080003e4       0x14 Core/Src/stm32g4xx_it.o
                0x00000000080003e4                USB_LP_IRQHandler
 .text.SystemInit
                0x00000000080003f8       0x2c Core/Src/system_stm32g4xx.o
                0x00000000080003f8                SystemInit
 .text.Reset_Handler
                0x0000000008000424       0x50 Core/Startup/startup_stm32g431kbtx.o
                0x0000000008000424                Reset_Handler
 .text.Default_Handler
                0x0000000008000474        0x2 Core/Startup/startup_stm32g431kbtx.o
                0x0000000008000474                RTC_Alarm_IRQHandler
                0x0000000008000474                EXTI2_IRQHandler
                0x0000000008000474                TIM8_TRG_COM_IRQHandler
                0x0000000008000474                TIM8_CC_IRQHandler
                0x0000000008000474                TIM1_CC_IRQHandler
                0x0000000008000474                USB_HP_IRQHandler
                0x0000000008000474                CORDIC_IRQHandler
                0x0000000008000474                EXTI3_IRQHandler
                0x0000000008000474                I2C3_ER_IRQHandler
                0x0000000008000474                EXTI0_IRQHandler
                0x0000000008000474                I2C2_EV_IRQHandler
                0x0000000008000474                FPU_IRQHandler
                0x0000000008000474                FDCAN1_IT1_IRQHandler
                0x0000000008000474                TIM1_UP_TIM16_IRQHandler
                0x0000000008000474                ADC1_2_IRQHandler
                0x0000000008000474                SPI1_IRQHandler
                0x0000000008000474                TIM6_DAC_IRQHandler
                0x0000000008000474                TIM8_UP_IRQHandler
                0x0000000008000474                DMA2_Channel2_IRQHandler
                0x0000000008000474                DMA1_Channel4_IRQHandler
                0x0000000008000474                USART3_IRQHandler
                0x0000000008000474                TIM4_IRQHandler
                0x0000000008000474                DMA2_Channel1_IRQHandler
                0x0000000008000474                I2C1_EV_IRQHandler
                0x0000000008000474                DMA1_Channel6_IRQHandler
                0x0000000008000474                UART4_IRQHandler
                0x0000000008000474                DMA2_Channel4_IRQHandler
                0x0000000008000474                TIM3_IRQHandler
                0x0000000008000474                RCC_IRQHandler
                0x0000000008000474                DMA1_Channel1_IRQHandler
                0x0000000008000474                Default_Handler
                0x0000000008000474                RTC_TAMP_LSECSS_IRQHandler
                0x0000000008000474                FMAC_IRQHandler
                0x0000000008000474                EXTI15_10_IRQHandler
                0x0000000008000474                TIM7_IRQHandler
                0x0000000008000474                UCPD1_IRQHandler
                0x0000000008000474                I2C3_EV_IRQHandler
                0x0000000008000474                EXTI9_5_IRQHandler
                0x0000000008000474                RTC_WKUP_IRQHandler
                0x0000000008000474                PVD_PVM_IRQHandler
                0x0000000008000474                SPI2_IRQHandler
                0x0000000008000474                DMA2_Channel5_IRQHandler
                0x0000000008000474                CRS_IRQHandler
                0x0000000008000474                DMA1_Channel5_IRQHandler
                0x0000000008000474                EXTI4_IRQHandler
                0x0000000008000474                RNG_IRQHandler
                0x0000000008000474                TIM1_TRG_COM_TIM17_IRQHandler
                0x0000000008000474                DMA1_Channel3_IRQHandler
                0x0000000008000474                WWDG_IRQHandler
                0x0000000008000474                LPUART1_IRQHandler
                0x0000000008000474                DMA2_Channel6_IRQHandler
                0x0000000008000474                FDCAN1_IT0_IRQHandler
                0x0000000008000474                TIM2_IRQHandler
                0x0000000008000474                COMP1_2_3_IRQHandler
                0x0000000008000474                EXTI1_IRQHandler
                0x0000000008000474                USART2_IRQHandler
                0x0000000008000474                I2C2_ER_IRQHandler
                0x0000000008000474                DMA1_Channel2_IRQHandler
                0x0000000008000474                TIM8_BRK_IRQHandler
                0x0000000008000474                FLASH_IRQHandler
                0x0000000008000474                USART1_IRQHandler
                0x0000000008000474                SPI3_IRQHandler
                0x0000000008000474                I2C1_ER_IRQHandler
                0x0000000008000474                LPTIM1_IRQHandler
                0x0000000008000474                DMAMUX_OVR_IRQHandler
                0x0000000008000474                USBWakeUp_IRQHandler
                0x0000000008000474                SAI1_IRQHandler
                0x0000000008000474                DMA2_Channel3_IRQHandler
                0x0000000008000474                COMP4_IRQHandler
                0x0000000008000474                TIM1_BRK_TIM15_IRQHandler
 .text.HAL_Init
                0x0000000008000476       0x30 Drivers/STM32G4xx_HAL_Driver/Src/stm32g4xx_hal.o
                0x0000000008000476                HAL_Init
 *fill*         0x00000000080004a6        0x2 
 .text.HAL_InitTick
                0x00000000080004a8       0x74 Drivers/STM32G4xx_HAL_Driver/Src/stm32g4xx_hal.o
                0x00000000080004a8                HAL_InitTick
 .text.HAL_IncTick
                0x000000000800051c       0x24 Drivers/STM32G4xx_HAL_Driver/Src/stm32g4xx_hal.o
                0x000000000800051c                HAL_IncTick
 .text.HAL_GetTick
                0x0000000008000540       0x18 Drivers/STM32G4xx_HAL_Driver/Src/stm32g4xx_hal.o
                0x0000000008000540                HAL_GetTick
 .text.__NVIC_SetPriorityGrouping
                0x0000000008000558       0x48 Drivers/STM32G4xx_HAL_Driver/Src/stm32g4xx_hal_cortex.o
 .text.__NVIC_GetPriorityGrouping
                0x00000000080005a0       0x1c Drivers/STM32G4xx_HAL_Driver/Src/stm32g4xx_hal_cortex.o
 .text.__NVIC_EnableIRQ
                0x00000000080005bc       0x3c Drivers/STM32G4xx_HAL_Driver/Src/stm32g4xx_hal_cortex.o
 .text.__NVIC_SetPriority
                0x00000000080005f8       0x54 Drivers/STM32G4xx_HAL_Driver/Src/stm32g4xx_hal_cortex.o
 .text.NVIC_EncodePriority
                0x000000000800064c       0x66 Drivers/STM32G4xx_HAL_Driver/Src/stm32g4xx_hal_cortex.o
 *fill*         0x00000000080006b2        0x2 
 .text.SysTick_Config
                0x00000000080006b4       0x44 Drivers/STM32G4xx_HAL_Driver/Src/stm32g4xx_hal_cortex.o
 .text.HAL_NVIC_SetPriorityGrouping
                0x00000000080006f8       0x16 Drivers/STM32G4xx_HAL_Driver/Src/stm32g4xx_hal_cortex.o
                0x00000000080006f8                HAL_NVIC_SetPriorityGrouping
 .text.HAL_NVIC_SetPriority
                0x000000000800070e       0x34 Drivers/STM32G4xx_HAL_Driver/Src/stm32g4xx_hal_cortex.o
                0x000000000800070e                HAL_NVIC_SetPriority
 .text.HAL_NVIC_EnableIRQ
                0x0000000008000742       0x1c Drivers/STM32G4xx_HAL_Driver/Src/stm32g4xx_hal_cortex.o
                0x0000000008000742                HAL_NVIC_EnableIRQ
 .text.HAL_SYSTICK_Config
                0x000000000800075e       0x18 Drivers/STM32G4xx_HAL_Driver/Src/stm32g4xx_hal_cortex.o
                0x000000000800075e                HAL_SYSTICK_Config
 .text.HAL_PCD_Init
                0x0000000008000776      0x1ca Drivers/STM32G4xx_HAL_Driver/Src/stm32g4xx_hal_pcd.o
                0x0000000008000776                HAL_PCD_Init
 .text.HAL_PCD_Start
                0x0000000008000940       0x44 Drivers/STM32G4xx_HAL_Driver/Src/stm32g4xx_hal_pcd.o
                0x0000000008000940                HAL_PCD_Start
 .text.HAL_PCD_IRQHandler
                0x0000000008000984      0x29c Drivers/STM32G4xx_HAL_Driver/Src/stm32g4xx_hal_pcd.o
                0x0000000008000984                HAL_PCD_IRQHandler
 .text.HAL_PCD_SetAddress
                0x0000000008000c20       0x4a Drivers/STM32G4xx_HAL_Driver/Src/stm32g4xx_hal_pcd.o
                0x0000000008000c20                HAL_PCD_SetAddress
 .text.HAL_PCD_EP_Open
                0x0000000008000c6a       0xcc Drivers/STM32G4xx_HAL_Driver/Src/stm32g4xx_hal_pcd.o
                0x0000000008000c6a                HAL_PCD_EP_Open
 .text.HAL_PCD_EP_Close
                0x0000000008000d36       0x90 Drivers/STM32G4xx_HAL_Driver/Src/stm32g4xx_hal_pcd.o
                0x0000000008000d36                HAL_PCD_EP_Close
 .text.HAL_PCD_EP_Receive
                0x0000000008000dc6       0x7a Drivers/STM32G4xx_HAL_Driver/Src/stm32g4xx_hal_pcd.o
                0x0000000008000dc6                HAL_PCD_EP_Receive
 .text.HAL_PCD_EP_GetRxCount
                0x0000000008000e40       0x30 Drivers/STM32G4xx_HAL_Driver/Src/stm32g4xx_hal_pcd.o
                0x0000000008000e40                HAL_PCD_EP_GetRxCount
 .text.HAL_PCD_EP_Transmit
                0x0000000008000e70       0x86 Drivers/STM32G4xx_HAL_Driver/Src/stm32g4xx_hal_pcd.o
                0x0000000008000e70                HAL_PCD_EP_Transmit
 .text.HAL_PCD_EP_SetStall
                0x0000000008000ef6       0xc0 Drivers/STM32G4xx_HAL_Driver/Src/stm32g4xx_hal_pcd.o
                0x0000000008000ef6                HAL_PCD_EP_SetStall
 .text.HAL_PCD_EP_ClrStall
                0x0000000008000fb6       0xa8 Drivers/STM32G4xx_HAL_Driver/Src/stm32g4xx_hal_pcd.o
                0x0000000008000fb6                HAL_PCD_EP_ClrStall
 .text.PCD_EP_ISR_Handler
                0x000000000800105e      0x5ca Drivers/STM32G4xx_HAL_Driver/Src/stm32g4xx_hal_pcd.o
 .text.HAL_PCD_EP_DB_Receive
                0x0000000008001628      0x212 Drivers/STM32G4xx_HAL_Driver/Src/stm32g4xx_hal_pcd.o
 .text.HAL_PCD_EP_DB_Transmit
                0x000000000800183a      0x532 Drivers/STM32G4xx_HAL_Driver/Src/stm32g4xx_hal_pcd.o
 .text.HAL_PCDEx_PMAConfig
                0x0000000008001d6c       0x86 Drivers/STM32G4xx_HAL_Driver/Src/stm32g4xx_hal_pcd_ex.o
                0x0000000008001d6c                HAL_PCDEx_PMAConfig
 .text.HAL_PCDEx_ActivateLPM
                0x0000000008001df2       0x54 Drivers/STM32G4xx_HAL_Driver/Src/stm32g4xx_hal_pcd_ex.o
                0x0000000008001df2                HAL_PCDEx_ActivateLPM
 *fill*         0x0000000008001e46        0x2 
 .text.HAL_PWREx_ControlVoltageScaling
                0x0000000008001e48      0x148 Drivers/STM32G4xx_HAL_Driver/Src/stm32g4xx_hal_pwr_ex.o
                0x0000000008001e48                HAL_PWREx_ControlVoltageScaling
 .text.HAL_PWREx_DisableUCPDDeadBattery
                0x0000000008001f90       0x20 Drivers/STM32G4xx_HAL_Driver/Src/stm32g4xx_hal_pwr_ex.o
                0x0000000008001f90                HAL_PWREx_DisableUCPDDeadBattery
 .text.HAL_RCC_OscConfig
                0x0000000008001fb0      0x630 Drivers/STM32G4xx_HAL_Driver/Src/stm32g4xx_hal_rcc.o
                0x0000000008001fb0                HAL_RCC_OscConfig
 .text.HAL_RCC_ClockConfig
                0x00000000080025e0      0x278 Drivers/STM32G4xx_HAL_Driver/Src/stm32g4xx_hal_rcc.o
                0x00000000080025e0                HAL_RCC_ClockConfig
 .text.HAL_RCC_GetSysClockFreq
                0x0000000008002858       0xc4 Drivers/STM32G4xx_HAL_Driver/Src/stm32g4xx_hal_rcc.o
                0x0000000008002858                HAL_RCC_GetSysClockFreq
 .text.RCC_GetSysClockFreqFromPLLSource
                0x000000000800291c       0x8c Drivers/STM32G4xx_HAL_Driver/Src/stm32g4xx_hal_rcc.o
 .text.HAL_RCCEx_PeriphCLKConfig
                0x00000000080029a8      0x3e0 Drivers/STM32G4xx_HAL_Driver/Src/stm32g4xx_hal_rcc_ex.o
                0x00000000080029a8                HAL_RCCEx_PeriphCLKConfig
 .text.USB_EnableGlobalInt
                0x0000000008002d88       0x2e Drivers/STM32G4xx_HAL_Driver/Src/stm32g4xx_ll_usb.o
                0x0000000008002d88                USB_EnableGlobalInt
 .text.USB_DisableGlobalInt
                0x0000000008002db6       0x36 Drivers/STM32G4xx_HAL_Driver/Src/stm32g4xx_ll_usb.o
                0x0000000008002db6                USB_DisableGlobalInt
 .text.USB_DevInit
                0x0000000008002dec       0x42 Drivers/STM32G4xx_HAL_Driver/Src/stm32g4xx_ll_usb.o
                0x0000000008002dec                USB_DevInit
 *fill*         0x0000000008002e2e        0x2 
 .text.USB_ActivateEndpoint
                0x0000000008002e30      0x6dc Drivers/STM32G4xx_HAL_Driver/Src/stm32g4xx_ll_usb.o
                0x0000000008002e30                USB_ActivateEndpoint
 .text.USB_DeactivateEndpoint
                0x000000000800350c      0x3da Drivers/STM32G4xx_HAL_Driver/Src/stm32g4xx_ll_usb.o
                0x000000000800350c                USB_DeactivateEndpoint
 .text.USB_EPStartXfer
                0x00000000080038e6     0x125e Drivers/STM32G4xx_HAL_Driver/Src/stm32g4xx_ll_usb.o
                0x00000000080038e6                USB_EPStartXfer
 .text.USB_EPSetStall
                0x0000000008004b44       0xa2 Drivers/STM32G4xx_HAL_Driver/Src/stm32g4xx_ll_usb.o
                0x0000000008004b44                USB_EPSetStall
 .text.USB_EPClearStall
                0x0000000008004be6      0x15c Drivers/STM32G4xx_HAL_Driver/Src/stm32g4xx_ll_usb.o
                0x0000000008004be6                USB_EPClearStall
 .text.USB_SetDevAddress
                0x0000000008004d42       0x28 Drivers/STM32G4xx_HAL_Driver/Src/stm32g4xx_ll_usb.o
                0x0000000008004d42                USB_SetDevAddress
 .text.USB_DevConnect
                0x0000000008004d6a       0x2e Drivers/STM32G4xx_HAL_Driver/Src/stm32g4xx_ll_usb.o
                0x0000000008004d6a                USB_DevConnect
 .text.USB_ReadInterrupts
                0x0000000008004d98       0x20 Drivers/STM32G4xx_HAL_Driver/Src/stm32g4xx_ll_usb.o
                0x0000000008004d98                USB_ReadInterrupts
 .text.USB_EP0_OutStart
                0x0000000008004db8       0x18 Drivers/STM32G4xx_HAL_Driver/Src/stm32g4xx_ll_usb.o
                0x0000000008004db8                USB_EP0_OutStart
 .text.USB_WritePMA
                0x0000000008004dd0       0x82 Drivers/STM32G4xx_HAL_Driver/Src/stm32g4xx_ll_usb.o
                0x0000000008004dd0                USB_WritePMA
 .text.USB_ReadPMA
                0x0000000008004e52       0x98 Drivers/STM32G4xx_HAL_Driver/Src/stm32g4xx_ll_usb.o
                0x0000000008004e52                USB_ReadPMA
 .text.USBD_CDC_Init
                0x0000000008004eea       0xfe Middlewares/ST/STM32_USB_Device_Library/Class/CDC/Src/usbd_cdc.o
 .text.USBD_CDC_DeInit
                0x0000000008004fe8       0x74 Middlewares/ST/STM32_USB_Device_Library/Class/CDC/Src/usbd_cdc.o
 .text.USBD_CDC_Setup
                0x000000000800505c      0x178 Middlewares/ST/STM32_USB_Device_Library/Class/CDC/Src/usbd_cdc.o
 .text.USBD_CDC_DataIn
                0x00000000080051d4       0xca Middlewares/ST/STM32_USB_Device_Library/Class/CDC/Src/usbd_cdc.o
 .text.USBD_CDC_DataOut
                0x000000000800529e       0x56 Middlewares/ST/STM32_USB_Device_Library/Class/CDC/Src/usbd_cdc.o
 .text.USBD_CDC_EP0_RxReady
                0x00000000080052f4       0x50 Middlewares/ST/STM32_USB_Device_Library/Class/CDC/Src/usbd_cdc.o
 .text.USBD_CDC_GetFSCfgDesc
                0x0000000008005344       0x20 Middlewares/ST/STM32_USB_Device_Library/Class/CDC/Src/usbd_cdc.o
 .text.USBD_CDC_GetHSCfgDesc
                0x0000000008005364       0x20 Middlewares/ST/STM32_USB_Device_Library/Class/CDC/Src/usbd_cdc.o
 .text.USBD_CDC_GetOtherSpeedCfgDesc
                0x0000000008005384       0x20 Middlewares/ST/STM32_USB_Device_Library/Class/CDC/Src/usbd_cdc.o
 .text.USBD_CDC_GetDeviceQualifierDescriptor
                0x00000000080053a4       0x20 Middlewares/ST/STM32_USB_Device_Library/Class/CDC/Src/usbd_cdc.o
                0x00000000080053a4                USBD_CDC_GetDeviceQualifierDescriptor
 .text.USBD_CDC_RegisterInterface
                0x00000000080053c4       0x2a Middlewares/ST/STM32_USB_Device_Library/Class/CDC/Src/usbd_cdc.o
                0x00000000080053c4                USBD_CDC_RegisterInterface
 .text.USBD_CDC_SetTxBuffer
                0x00000000080053ee       0x32 Middlewares/ST/STM32_USB_Device_Library/Class/CDC/Src/usbd_cdc.o
                0x00000000080053ee                USBD_CDC_SetTxBuffer
 .text.USBD_CDC_SetRxBuffer
                0x0000000008005420       0x28 Middlewares/ST/STM32_USB_Device_Library/Class/CDC/Src/usbd_cdc.o
                0x0000000008005420                USBD_CDC_SetRxBuffer
 .text.USBD_CDC_ReceivePacket
                0x0000000008005448       0x54 Middlewares/ST/STM32_USB_Device_Library/Class/CDC/Src/usbd_cdc.o
                0x0000000008005448                USBD_CDC_ReceivePacket
 .text.USBD_Init
                0x000000000800549c       0x60 Middlewares/ST/STM32_USB_Device_Library/Core/Src/usbd_core.o
                0x000000000800549c                USBD_Init
 .text.USBD_RegisterClass
                0x00000000080054fc       0x4e Middlewares/ST/STM32_USB_Device_Library/Core/Src/usbd_core.o
                0x00000000080054fc                USBD_RegisterClass
 .text.USBD_Start
                0x000000000800554a       0x18 Middlewares/ST/STM32_USB_Device_Library/Core/Src/usbd_core.o
                0x000000000800554a                USBD_Start
 .text.USBD_RunTestMode
                0x0000000008005562       0x16 Middlewares/ST/STM32_USB_Device_Library/Core/Src/usbd_core.o
                0x0000000008005562                USBD_RunTestMode
 .text.USBD_SetClassConfig
                0x0000000008005578       0x38 Middlewares/ST/STM32_USB_Device_Library/Core/Src/usbd_core.o
                0x0000000008005578                USBD_SetClassConfig
 .text.USBD_ClrClassConfig
                0x00000000080055b0       0x30 Middlewares/ST/STM32_USB_Device_Library/Core/Src/usbd_core.o
                0x00000000080055b0                USBD_ClrClassConfig
 .text.USBD_LL_SetupStage
                0x00000000080055e0       0xa6 Middlewares/ST/STM32_USB_Device_Library/Core/Src/usbd_core.o
                0x00000000080055e0                USBD_LL_SetupStage
 .text.USBD_LL_DataOutStage
                0x0000000008005686       0xc6 Middlewares/ST/STM32_USB_Device_Library/Core/Src/usbd_core.o
                0x0000000008005686                USBD_LL_DataOutStage
 .text.USBD_LL_DataInStage
                0x000000000800574c      0x12c Middlewares/ST/STM32_USB_Device_Library/Core/Src/usbd_core.o
                0x000000000800574c                USBD_LL_DataInStage
 .text.USBD_LL_Reset
                0x0000000008005878       0x82 Middlewares/ST/STM32_USB_Device_Library/Core/Src/usbd_core.o
                0x0000000008005878                USBD_LL_Reset
 .text.USBD_LL_SetSpeed
                0x00000000080058fa       0x20 Middlewares/ST/STM32_USB_Device_Library/Core/Src/usbd_core.o
                0x00000000080058fa                USBD_LL_SetSpeed
 .text.USBD_LL_Suspend
                0x000000000800591a       0x2a Middlewares/ST/STM32_USB_Device_Library/Core/Src/usbd_core.o
                0x000000000800591a                USBD_LL_Suspend
 .text.USBD_LL_Resume
                0x0000000008005944       0x2c Middlewares/ST/STM32_USB_Device_Library/Core/Src/usbd_core.o
                0x0000000008005944                USBD_LL_Resume
 .text.USBD_LL_SOF
                0x0000000008005970       0x34 Middlewares/ST/STM32_USB_Device_Library/Core/Src/usbd_core.o
                0x0000000008005970                USBD_LL_SOF
 .text.SWAPBYTE
                0x00000000080059a4       0x3c Middlewares/ST/STM32_USB_Device_Library/Core/Src/usbd_ctlreq.o
 .text.USBD_StdDevReq
                0x00000000080059e0       0xdc Middlewares/ST/STM32_USB_Device_Library/Core/Src/usbd_ctlreq.o
                0x00000000080059e0                USBD_StdDevReq
 .text.USBD_StdItfReq
                0x0000000008005abc       0x8c Middlewares/ST/STM32_USB_Device_Library/Core/Src/usbd_ctlreq.o
                0x0000000008005abc                USBD_StdItfReq
 .text.USBD_StdEPReq
                0x0000000008005b48      0x2ae Middlewares/ST/STM32_USB_Device_Library/Core/Src/usbd_ctlreq.o
                0x0000000008005b48                USBD_StdEPReq
 *fill*         0x0000000008005df6        0x2 
 .text.USBD_GetDescriptor
                0x0000000008005df8      0x328 Middlewares/ST/STM32_USB_Device_Library/Core/Src/usbd_ctlreq.o
 .text.USBD_SetAddress
                0x0000000008006120       0x84 Middlewares/ST/STM32_USB_Device_Library/Core/Src/usbd_ctlreq.o
 .text.USBD_SetConfig
                0x00000000080061a4      0x148 Middlewares/ST/STM32_USB_Device_Library/Core/Src/usbd_ctlreq.o
 .text.USBD_GetConfig
                0x00000000080062ec       0x68 Middlewares/ST/STM32_USB_Device_Library/Core/Src/usbd_ctlreq.o
 .text.USBD_GetStatus
                0x0000000008006354       0x66 Middlewares/ST/STM32_USB_Device_Library/Core/Src/usbd_ctlreq.o
 .text.USBD_SetFeature
                0x00000000080063ba       0x28 Middlewares/ST/STM32_USB_Device_Library/Core/Src/usbd_ctlreq.o
 .text.USBD_ClrFeature
                0x00000000080063e2       0x42 Middlewares/ST/STM32_USB_Device_Library/Core/Src/usbd_ctlreq.o
 .text.USBD_ParseSetupRequest
                0x0000000008006424       0x74 Middlewares/ST/STM32_USB_Device_Library/Core/Src/usbd_ctlreq.o
                0x0000000008006424                USBD_ParseSetupRequest
 .text.USBD_CtlError
                0x0000000008006498       0x22 Middlewares/ST/STM32_USB_Device_Library/Core/Src/usbd_ctlreq.o
                0x0000000008006498                USBD_CtlError
 .text.USBD_GetString
                0x00000000080064ba       0x8c Middlewares/ST/STM32_USB_Device_Library/Core/Src/usbd_ctlreq.o
                0x00000000080064ba                USBD_GetString
 .text.USBD_GetLen
                0x0000000008006546       0x34 Middlewares/ST/STM32_USB_Device_Library/Core/Src/usbd_ctlreq.o
 .text.USBD_CtlSendData
                0x000000000800657a       0x36 Middlewares/ST/STM32_USB_Device_Library/Core/Src/usbd_ioreq.o
                0x000000000800657a                USBD_CtlSendData
 .text.USBD_CtlContinueSendData
                0x00000000080065b0       0x22 Middlewares/ST/STM32_USB_Device_Library/Core/Src/usbd_ioreq.o
                0x00000000080065b0                USBD_CtlContinueSendData
 .text.USBD_CtlPrepareRx
                0x00000000080065d2       0x3a Middlewares/ST/STM32_USB_Device_Library/Core/Src/usbd_ioreq.o
                0x00000000080065d2                USBD_CtlPrepareRx
 .text.USBD_CtlContinueRx
                0x000000000800660c       0x22 Middlewares/ST/STM32_USB_Device_Library/Core/Src/usbd_ioreq.o
                0x000000000800660c                USBD_CtlContinueRx
 .text.USBD_CtlSendStatus
                0x000000000800662e       0x26 Middlewares/ST/STM32_USB_Device_Library/Core/Src/usbd_ioreq.o
                0x000000000800662e                USBD_CtlSendStatus
 .text.USBD_CtlReceiveStatus
                0x0000000008006654       0x26 Middlewares/ST/STM32_USB_Device_Library/Core/Src/usbd_ioreq.o
                0x0000000008006654                USBD_CtlReceiveStatus
 *fill*         0x000000000800667a        0x2 
 .text.MX_USB_Device_Init
                0x000000000800667c       0x60 USB_Device/App/usb_device.o
                0x000000000800667c                MX_USB_Device_Init
 .text.CDC_Init_FS
                0x00000000080066dc       0x28 USB_Device/App/usbd_cdc_if.o
 .text.CDC_DeInit_FS
                0x0000000008006704       0x10 USB_Device/App/usbd_cdc_if.o
 .text.CDC_Control_FS
                0x0000000008006714       0xbc USB_Device/App/usbd_cdc_if.o
 .text.CDC_Receive_FS
                0x00000000080067d0       0x28 USB_Device/App/usbd_cdc_if.o
 .text.CDC_TransmitCplt_FS
                0x00000000080067f8       0x22 USB_Device/App/usbd_cdc_if.o
 *fill*         0x000000000800681a        0x2 
 .text.USBD_CDC_DeviceDescriptor
                0x000000000800681c       0x24 USB_Device/App/usbd_desc.o
                0x000000000800681c                USBD_CDC_DeviceDescriptor
 .text.USBD_CDC_LangIDStrDescriptor
                0x0000000008006840       0x24 USB_Device/App/usbd_desc.o
                0x0000000008006840                USBD_CDC_LangIDStrDescriptor
 .text.USBD_CDC_ProductStrDescriptor
                0x0000000008006864       0x3c USB_Device/App/usbd_desc.o
                0x0000000008006864                USBD_CDC_ProductStrDescriptor
 .text.USBD_CDC_ManufacturerStrDescriptor
                0x00000000080068a0       0x28 USB_Device/App/usbd_desc.o
                0x00000000080068a0                USBD_CDC_ManufacturerStrDescriptor
 .text.USBD_CDC_SerialStrDescriptor
                0x00000000080068c8       0x24 USB_Device/App/usbd_desc.o
                0x00000000080068c8                USBD_CDC_SerialStrDescriptor
 .text.USBD_CDC_ConfigStrDescriptor
                0x00000000080068ec       0x3c USB_Device/App/usbd_desc.o
                0x00000000080068ec                USBD_CDC_ConfigStrDescriptor
 .text.USBD_CDC_InterfaceStrDescriptor
                0x0000000008006928       0x3c USB_Device/App/usbd_desc.o
                0x0000000008006928                USBD_CDC_InterfaceStrDescriptor
 .text.Get_SerialNum
                0x0000000008006964       0x58 USB_Device/App/usbd_desc.o
 .text.IntToUnicode
                0x00000000080069bc       0x7c USB_Device/App/usbd_desc.o
 .text.HAL_PCD_MspInit
                0x0000000008006a38       0x4c USB_Device/Target/usbd_conf.o
                0x0000000008006a38                HAL_PCD_MspInit
 .text.HAL_PCD_SetupStageCallback
                0x0000000008006a84       0x24 USB_Device/Target/usbd_conf.o
                0x0000000008006a84                HAL_PCD_SetupStageCallback
 .text.HAL_PCD_DataOutStageCallback
                0x0000000008006aa8       0x36 USB_Device/Target/usbd_conf.o
                0x0000000008006aa8                HAL_PCD_DataOutStageCallback
 .text.HAL_PCD_DataInStageCallback
                0x0000000008006ade       0x34 USB_Device/Target/usbd_conf.o
                0x0000000008006ade                HAL_PCD_DataInStageCallback
 .text.HAL_PCD_SOFCallback
                0x0000000008006b12       0x1c USB_Device/Target/usbd_conf.o
                0x0000000008006b12                HAL_PCD_SOFCallback
 .text.HAL_PCD_ResetCallback
                0x0000000008006b2e       0x3c USB_Device/Target/usbd_conf.o
                0x0000000008006b2e                HAL_PCD_ResetCallback
 *fill*         0x0000000008006b6a        0x2 
 .text.HAL_PCD_SuspendCallback
                0x0000000008006b6c       0x34 USB_Device/Target/usbd_conf.o
                0x0000000008006b6c                HAL_PCD_SuspendCallback
 .text.HAL_PCD_ResumeCallback
                0x0000000008006ba0       0x38 USB_Device/Target/usbd_conf.o
                0x0000000008006ba0                HAL_PCD_ResumeCallback
 .text.USBD_LL_Init
                0x0000000008006bd8       0xc0 USB_Device/Target/usbd_conf.o
                0x0000000008006bd8                USBD_LL_Init
 .text.USBD_LL_Start
                0x0000000008006c98       0x36 USB_Device/Target/usbd_conf.o
                0x0000000008006c98                USBD_LL_Start
 .text.USBD_LL_OpenEP
                0x0000000008006cce       0x4c USB_Device/Target/usbd_conf.o
                0x0000000008006cce                USBD_LL_OpenEP
 .text.USBD_LL_CloseEP
                0x0000000008006d1a       0x3e USB_Device/Target/usbd_conf.o
                0x0000000008006d1a                USBD_LL_CloseEP
 .text.USBD_LL_StallEP
                0x0000000008006d58       0x3e USB_Device/Target/usbd_conf.o
                0x0000000008006d58                USBD_LL_StallEP
 .text.USBD_LL_ClearStallEP
                0x0000000008006d96       0x3e USB_Device/Target/usbd_conf.o
                0x0000000008006d96                USBD_LL_ClearStallEP
 .text.USBD_LL_IsStallEP
                0x0000000008006dd4       0x5a USB_Device/Target/usbd_conf.o
                0x0000000008006dd4                USBD_LL_IsStallEP
 .text.USBD_LL_SetUSBAddress
                0x0000000008006e2e       0x3e USB_Device/Target/usbd_conf.o
                0x0000000008006e2e                USBD_LL_SetUSBAddress
 .text.USBD_LL_Transmit
                0x0000000008006e6c       0x42 USB_Device/Target/usbd_conf.o
                0x0000000008006e6c                USBD_LL_Transmit
 .text.USBD_LL_PrepareReceive
                0x0000000008006eae       0x42 USB_Device/Target/usbd_conf.o
                0x0000000008006eae                USBD_LL_PrepareReceive
 .text.USBD_LL_GetRxDataSize
                0x0000000008006ef0       0x26 USB_Device/Target/usbd_conf.o
                0x0000000008006ef0                USBD_LL_GetRxDataSize
 *fill*         0x0000000008006f16        0x2 
 .text.HAL_PCDEx_LPM_Callback
                0x0000000008006f18       0x6c USB_Device/Target/usbd_conf.o
                0x0000000008006f18                HAL_PCDEx_LPM_Callback
 .text.USBD_static_malloc
                0x0000000008006f84       0x1c USB_Device/Target/usbd_conf.o
                0x0000000008006f84                USBD_static_malloc
 .text.USBD_static_free
                0x0000000008006fa0       0x14 USB_Device/Target/usbd_conf.o
                0x0000000008006fa0                USBD_static_free
 .text.SystemClockConfig_Resume
                0x0000000008006fb4        0xc USB_Device/Target/usbd_conf.o
 .text.USBD_Get_USB_Status
                0x0000000008006fc0       0x58 USB_Device/Target/usbd_conf.o
 .text.__libc_init_array
                0x0000000008007018       0x48 d:/st/stm32cubeide_1.4.0/stm32cubeide/plugins/com.st.stm32cube.ide.mcu.externaltools.gnu-tools-for-stm32.7-2018-q2-update.win32_1.4.0.202007081208/tools/bin/../lib/gcc/arm-none-eabi/7.3.1/../../../../arm-none-eabi/lib/thumb/v7e-m/fpv4-sp/hard\libc_nano.a(lib_a-init.o)
                0x0000000008007018                __libc_init_array
 .text.memset   0x0000000008007060       0x10 d:/st/stm32cubeide_1.4.0/stm32cubeide/plugins/com.st.stm32cube.ide.mcu.externaltools.gnu-tools-for-stm32.7-2018-q2-update.win32_1.4.0.202007081208/tools/bin/../lib/gcc/arm-none-eabi/7.3.1/../../../../arm-none-eabi/lib/thumb/v7e-m/fpv4-sp/hard\libc_nano.a(lib_a-memset.o)
                0x0000000008007060                memset
 *(.glue_7)
 .glue_7        0x0000000008007070        0x0 linker stubs
 *(.glue_7t)
 .glue_7t       0x0000000008007070        0x0 linker stubs
 *(.eh_frame)
 .eh_frame      0x0000000008007070        0x0 d:/st/stm32cubeide_1.4.0/stm32cubeide/plugins/com.st.stm32cube.ide.mcu.externaltools.gnu-tools-for-stm32.7-2018-q2-update.win32_1.4.0.202007081208/tools/bin/../lib/gcc/arm-none-eabi/7.3.1/thumb/v7e-m/fpv4-sp/hard/crtbegin.o
 *(.init)
 .init          0x0000000008007070        0x4 d:/st/stm32cubeide_1.4.0/stm32cubeide/plugins/com.st.stm32cube.ide.mcu.externaltools.gnu-tools-for-stm32.7-2018-q2-update.win32_1.4.0.202007081208/tools/bin/../lib/gcc/arm-none-eabi/7.3.1/thumb/v7e-m/fpv4-sp/hard/crti.o
                0x0000000008007070                _init
 .init          0x0000000008007074        0x8 d:/st/stm32cubeide_1.4.0/stm32cubeide/plugins/com.st.stm32cube.ide.mcu.externaltools.gnu-tools-for-stm32.7-2018-q2-update.win32_1.4.0.202007081208/tools/bin/../lib/gcc/arm-none-eabi/7.3.1/thumb/v7e-m/fpv4-sp/hard/crtn.o
 *(.fini)
 .fini          0x000000000800707c        0x4 d:/st/stm32cubeide_1.4.0/stm32cubeide/plugins/com.st.stm32cube.ide.mcu.externaltools.gnu-tools-for-stm32.7-2018-q2-update.win32_1.4.0.202007081208/tools/bin/../lib/gcc/arm-none-eabi/7.3.1/thumb/v7e-m/fpv4-sp/hard/crti.o
                0x000000000800707c                _fini
 .fini          0x0000000008007080        0x8 d:/st/stm32cubeide_1.4.0/stm32cubeide/plugins/com.st.stm32cube.ide.mcu.externaltools.gnu-tools-for-stm32.7-2018-q2-update.win32_1.4.0.202007081208/tools/bin/../lib/gcc/arm-none-eabi/7.3.1/thumb/v7e-m/fpv4-sp/hard/crtn.o
                0x0000000008007088                . = ALIGN (0x4)
                0x0000000008007088                _etext = .

.vfp11_veneer   0x0000000008007088        0x0
 .vfp11_veneer  0x0000000008007088        0x0 linker stubs

.v4_bx          0x0000000008007088        0x0
 .v4_bx         0x0000000008007088        0x0 linker stubs

.iplt           0x0000000008007088        0x0
 .iplt          0x0000000008007088        0x0 d:/st/stm32cubeide_1.4.0/stm32cubeide/plugins/com.st.stm32cube.ide.mcu.externaltools.gnu-tools-for-stm32.7-2018-q2-update.win32_1.4.0.202007081208/tools/bin/../lib/gcc/arm-none-eabi/7.3.1/thumb/v7e-m/fpv4-sp/hard/crtbegin.o

.rodata         0x0000000008007088       0x58
                0x0000000008007088                . = ALIGN (0x4)
 *(.rodata)
 .rodata        0x0000000008007088       0x46 USB_Device/App/usbd_desc.o
 *(.rodata*)
 *fill*         0x00000000080070ce        0x2 
 .rodata.AHBPrescTable
                0x00000000080070d0       0x10 Core/Src/system_stm32g4xx.o
                0x00000000080070d0                AHBPrescTable
                0x00000000080070e0                . = ALIGN (0x4)

.rel.dyn        0x00000000080070e0        0x0
 .rel.iplt      0x00000000080070e0        0x0 d:/st/stm32cubeide_1.4.0/stm32cubeide/plugins/com.st.stm32cube.ide.mcu.externaltools.gnu-tools-for-stm32.7-2018-q2-update.win32_1.4.0.202007081208/tools/bin/../lib/gcc/arm-none-eabi/7.3.1/thumb/v7e-m/fpv4-sp/hard/crtbegin.o

.ARM.extab      0x00000000080070e0        0x0
                0x00000000080070e0                . = ALIGN (0x4)
 *(.ARM.extab* .gnu.linkonce.armextab.*)
                0x00000000080070e0                . = ALIGN (0x4)

.ARM            0x00000000080070e0        0x0
                0x00000000080070e0                . = ALIGN (0x4)
                0x00000000080070e0                __exidx_start = .
 *(.ARM.exidx*)
                0x00000000080070e0                __exidx_end = .
                0x00000000080070e0                . = ALIGN (0x4)

.preinit_array  0x00000000080070e0        0x0
                0x00000000080070e0                . = ALIGN (0x4)
                0x00000000080070e0                PROVIDE (__preinit_array_start = .)
 *(.preinit_array*)
                0x00000000080070e0                PROVIDE (__preinit_array_end = .)
                0x00000000080070e0                . = ALIGN (0x4)

.init_array     0x00000000080070e0        0x4
                0x00000000080070e0                . = ALIGN (0x4)
                0x00000000080070e0                PROVIDE (__init_array_start = .)
 *(SORT_BY_NAME(.init_array.*))
 *(.init_array*)
 .init_array    0x00000000080070e0        0x4 d:/st/stm32cubeide_1.4.0/stm32cubeide/plugins/com.st.stm32cube.ide.mcu.externaltools.gnu-tools-for-stm32.7-2018-q2-update.win32_1.4.0.202007081208/tools/bin/../lib/gcc/arm-none-eabi/7.3.1/thumb/v7e-m/fpv4-sp/hard/crtbegin.o
                0x00000000080070e4                PROVIDE (__init_array_end = .)
                0x00000000080070e4                . = ALIGN (0x4)

.fini_array     0x00000000080070e4        0x4
                0x00000000080070e4                . = ALIGN (0x4)
                [!provide]                        PROVIDE (__fini_array_start = .)
 *(SORT_BY_NAME(.fini_array.*))
 *(.fini_array*)
 .fini_array    0x00000000080070e4        0x4 d:/st/stm32cubeide_1.4.0/stm32cubeide/plugins/com.st.stm32cube.ide.mcu.externaltools.gnu-tools-for-stm32.7-2018-q2-update.win32_1.4.0.202007081208/tools/bin/../lib/gcc/arm-none-eabi/7.3.1/thumb/v7e-m/fpv4-sp/hard/crtbegin.o
                [!provide]                        PROVIDE (__fini_array_end = .)
                0x00000000080070e8                . = ALIGN (0x4)
                0x00000000080070e8                _sidata = LOADADDR (.data)

.data           0x0000000020000000      0x184 load address 0x00000000080070e8
                0x0000000020000000                . = ALIGN (0x4)
                0x0000000020000000                _sdata = .
 *(.data)
 *(.data*)
 .data.SystemCoreClock
                0x0000000020000000        0x4 Core/Src/system_stm32g4xx.o
                0x0000000020000000                SystemCoreClock
 .data.uwTickPrio
                0x0000000020000004        0x4 Drivers/STM32G4xx_HAL_Driver/Src/stm32g4xx_hal.o
                0x0000000020000004                uwTickPrio
 .data.uwTickFreq
                0x0000000020000008        0x4 Drivers/STM32G4xx_HAL_Driver/Src/stm32g4xx_hal.o
                0x0000000020000008                uwTickFreq
 .data.USBD_CDC_DeviceQualifierDesc
                0x000000002000000c        0xa Middlewares/ST/STM32_USB_Device_Library/Class/CDC/Src/usbd_cdc.o
 *fill*         0x0000000020000016        0x2 
 .data.USBD_CDC
                0x0000000020000018       0x38 Middlewares/ST/STM32_USB_Device_Library/Class/CDC/Src/usbd_cdc.o
                0x0000000020000018                USBD_CDC
 .data.USBD_CDC_CfgHSDesc
                0x0000000020000050       0x43 Middlewares/ST/STM32_USB_Device_Library/Class/CDC/Src/usbd_cdc.o
 *fill*         0x0000000020000093        0x1 
 .data.USBD_CDC_CfgFSDesc
                0x0000000020000094       0x43 Middlewares/ST/STM32_USB_Device_Library/Class/CDC/Src/usbd_cdc.o
 *fill*         0x00000000200000d7        0x1 
 .data.USBD_CDC_OtherSpeedCfgDesc
                0x00000000200000d8       0x43 Middlewares/ST/STM32_USB_Device_Library/Class/CDC/Src/usbd_cdc.o
 *fill*         0x000000002000011b        0x1 
 .data.USBD_Interface_fops_FS
                0x000000002000011c       0x14 USB_Device/App/usbd_cdc_if.o
                0x000000002000011c                USBD_Interface_fops_FS
 .data.CDC_Desc
                0x0000000020000130       0x20 USB_Device/App/usbd_desc.o
                0x0000000020000130                CDC_Desc
 .data.USBD_CDC_DeviceDesc
                0x0000000020000150       0x12 USB_Device/App/usbd_desc.o
                0x0000000020000150                USBD_CDC_DeviceDesc
 *fill*         0x0000000020000162        0x2 
 .data.USBD_LangIDDesc
                0x0000000020000164        0x4 USB_Device/App/usbd_desc.o
                0x0000000020000164                USBD_LangIDDesc
 .data.USBD_StringSerial
                0x0000000020000168       0x1a USB_Device/App/usbd_desc.o
                0x0000000020000168                USBD_StringSerial
                0x0000000020000184                . = ALIGN (0x4)
 *fill*         0x0000000020000182        0x2 
                0x0000000020000184                _edata = .

.igot.plt       0x0000000020000184        0x0 load address 0x000000000800726c
 .igot.plt      0x0000000020000184        0x0 d:/st/stm32cubeide_1.4.0/stm32cubeide/plugins/com.st.stm32cube.ide.mcu.externaltools.gnu-tools-for-stm32.7-2018-q2-update.win32_1.4.0.202007081208/tools/bin/../lib/gcc/arm-none-eabi/7.3.1/thumb/v7e-m/fpv4-sp/hard/crtbegin.o
                0x0000000020000184                . = ALIGN (0x4)

.bss            0x0000000020000184     0x11d8 load address 0x000000000800726c
                0x0000000020000184                _sbss = .
                0x0000000020000184                __bss_start__ = _sbss
 *(.bss)
 .bss           0x0000000020000184       0x1c d:/st/stm32cubeide_1.4.0/stm32cubeide/plugins/com.st.stm32cube.ide.mcu.externaltools.gnu-tools-for-stm32.7-2018-q2-update.win32_1.4.0.202007081208/tools/bin/../lib/gcc/arm-none-eabi/7.3.1/thumb/v7e-m/fpv4-sp/hard/crtbegin.o
 *(.bss*)
 .bss.cfgidx.9875
                0x00000000200001a0        0x1 Middlewares/ST/STM32_USB_Device_Library/Core/Src/usbd_ctlreq.o
 *fill*         0x00000000200001a1        0x3 
 .bss.mem.9953  0x00000000200001a4      0x220 USB_Device/Target/usbd_conf.o
 *(COMMON)
 COMMON         0x00000000200003c4        0x4 Drivers/STM32G4xx_HAL_Driver/Src/stm32g4xx_hal.o
                0x00000000200003c4                uwTick
 COMMON         0x00000000200003c8      0x2d0 USB_Device/App/usb_device.o
                0x00000000200003c8                hUsbDeviceFS
 COMMON         0x0000000020000698      0x7d0 USB_Device/App/usbd_cdc_if.o
                0x0000000020000698                UserRxBufferFS
                0x0000000020000a80                UserTxBufferFS
 COMMON         0x0000000020000e68      0x200 USB_Device/App/usbd_desc.o
                0x0000000020000e68                USBD_StrDesc
 COMMON         0x0000000020001068      0x2f4 USB_Device/Target/usbd_conf.o
                0x0000000020001068                hpcd_USB_FS
                0x000000002000135c                . = ALIGN (0x4)
                0x000000002000135c                _ebss = .
                0x000000002000135c                __bss_end__ = _ebss

._user_heap_stack
                0x000000002000135c      0xa04 load address 0x000000000800726c
                0x0000000020001360                . = ALIGN (0x8)
 *fill*         0x000000002000135c        0x4 
                [!provide]                        PROVIDE (end = .)
                0x0000000020001360                PROVIDE (_end = .)
                0x0000000020001960                . = (. + _Min_Heap_Size)
 *fill*         0x0000000020001360      0x600 
                0x0000000020001d60                . = (. + _Min_Stack_Size)
 *fill*         0x0000000020001960      0x400 
                0x0000000020001d60                . = ALIGN (0x8)

/DISCARD/
 libc.a(*)
 libm.a(*)
 libgcc.a(*)

.ARM.attributes
                0x0000000000000000       0x30
 *(.ARM.attributes)
 .ARM.attributes
                0x0000000000000000       0x22 d:/st/stm32cubeide_1.4.0/stm32cubeide/plugins/com.st.stm32cube.ide.mcu.externaltools.gnu-tools-for-stm32.7-2018-q2-update.win32_1.4.0.202007081208/tools/bin/../lib/gcc/arm-none-eabi/7.3.1/thumb/v7e-m/fpv4-sp/hard/crti.o
 .ARM.attributes
                0x0000000000000022       0x34 d:/st/stm32cubeide_1.4.0/stm32cubeide/plugins/com.st.stm32cube.ide.mcu.externaltools.gnu-tools-for-stm32.7-2018-q2-update.win32_1.4.0.202007081208/tools/bin/../lib/gcc/arm-none-eabi/7.3.1/thumb/v7e-m/fpv4-sp/hard/crtbegin.o
 .ARM.attributes
                0x0000000000000056       0x39 Core/Src/main.o
 .ARM.attributes
                0x000000000000008f       0x39 Core/Src/stm32g4xx_hal_msp.o
 .ARM.attributes
                0x00000000000000c8       0x39 Core/Src/stm32g4xx_it.o
 .ARM.attributes
                0x0000000000000101       0x39 Core/Src/system_stm32g4xx.o
 .ARM.attributes
                0x000000000000013a       0x21 Core/Startup/startup_stm32g431kbtx.o
 .ARM.attributes
                0x000000000000015b       0x39 Drivers/STM32G4xx_HAL_Driver/Src/stm32g4xx_hal.o
 .ARM.attributes
                0x0000000000000194       0x39 Drivers/STM32G4xx_HAL_Driver/Src/stm32g4xx_hal_cortex.o
 .ARM.attributes
                0x00000000000001cd       0x39 Drivers/STM32G4xx_HAL_Driver/Src/stm32g4xx_hal_pcd.o
 .ARM.attributes
                0x0000000000000206       0x39 Drivers/STM32G4xx_HAL_Driver/Src/stm32g4xx_hal_pcd_ex.o
 .ARM.attributes
                0x000000000000023f       0x39 Drivers/STM32G4xx_HAL_Driver/Src/stm32g4xx_hal_pwr_ex.o
 .ARM.attributes
                0x0000000000000278       0x39 Drivers/STM32G4xx_HAL_Driver/Src/stm32g4xx_hal_rcc.o
 .ARM.attributes
                0x00000000000002b1       0x39 Drivers/STM32G4xx_HAL_Driver/Src/stm32g4xx_hal_rcc_ex.o
 .ARM.attributes
                0x00000000000002ea       0x39 Drivers/STM32G4xx_HAL_Driver/Src/stm32g4xx_ll_usb.o
 .ARM.attributes
                0x0000000000000323       0x39 Middlewares/ST/STM32_USB_Device_Library/Class/CDC/Src/usbd_cdc.o
 .ARM.attributes
                0x000000000000035c       0x39 Middlewares/ST/STM32_USB_Device_Library/Core/Src/usbd_core.o
 .ARM.attributes
                0x0000000000000395       0x39 Middlewares/ST/STM32_USB_Device_Library/Core/Src/usbd_ctlreq.o
 .ARM.attributes
                0x00000000000003ce       0x39 Middlewares/ST/STM32_USB_Device_Library/Core/Src/usbd_ioreq.o
 .ARM.attributes
                0x0000000000000407       0x39 USB_Device/App/usb_device.o
 .ARM.attributes
                0x0000000000000440       0x39 USB_Device/App/usbd_cdc_if.o
 .ARM.attributes
                0x0000000000000479       0x39 USB_Device/App/usbd_desc.o
 .ARM.attributes
                0x00000000000004b2       0x39 USB_Device/Target/usbd_conf.o
 .ARM.attributes
                0x00000000000004eb       0x34 d:/st/stm32cubeide_1.4.0/stm32cubeide/plugins/com.st.stm32cube.ide.mcu.externaltools.gnu-tools-for-stm32.7-2018-q2-update.win32_1.4.0.202007081208/tools/bin/../lib/gcc/arm-none-eabi/7.3.1/../../../../arm-none-eabi/lib/thumb/v7e-m/fpv4-sp/hard\libc_nano.a(lib_a-init.o)
 .ARM.attributes
                0x000000000000051f       0x34 d:/st/stm32cubeide_1.4.0/stm32cubeide/plugins/com.st.stm32cube.ide.mcu.externaltools.gnu-tools-for-stm32.7-2018-q2-update.win32_1.4.0.202007081208/tools/bin/../lib/gcc/arm-none-eabi/7.3.1/../../../../arm-none-eabi/lib/thumb/v7e-m/fpv4-sp/hard\libc_nano.a(lib_a-memset.o)
 .ARM.attributes
                0x0000000000000553       0x22 d:/st/stm32cubeide_1.4.0/stm32cubeide/plugins/com.st.stm32cube.ide.mcu.externaltools.gnu-tools-for-stm32.7-2018-q2-update.win32_1.4.0.202007081208/tools/bin/../lib/gcc/arm-none-eabi/7.3.1/thumb/v7e-m/fpv4-sp/hard/crtn.o
OUTPUT(USB_Test.elf elf32-littlearm)

.debug_info     0x0000000000000000    0x13953
 .debug_info    0x0000000000000000      0xf5c Core/Src/main.o
 .debug_info    0x0000000000000f5c      0x4bd Core/Src/stm32g4xx_hal_msp.o
 .debug_info    0x0000000000001419      0x7ab Core/Src/stm32g4xx_it.o
 .debug_info    0x0000000000001bc4      0x6af Core/Src/system_stm32g4xx.o
 .debug_info    0x0000000000002273       0x22 Core/Startup/startup_stm32g431kbtx.o
 .debug_info    0x0000000000002295      0xbaa Drivers/STM32G4xx_HAL_Driver/Src/stm32g4xx_hal.o
 .debug_info    0x0000000000002e3f      0xebb Drivers/STM32G4xx_HAL_Driver/Src/stm32g4xx_hal_cortex.o
 .debug_info    0x0000000000003cfa     0x1285 Drivers/STM32G4xx_HAL_Driver/Src/stm32g4xx_hal_pcd.o
 .debug_info    0x0000000000004f7f      0x980 Drivers/STM32G4xx_HAL_Driver/Src/stm32g4xx_hal_pcd_ex.o
 .debug_info    0x00000000000058ff      0xa9c Drivers/STM32G4xx_HAL_Driver/Src/stm32g4xx_hal_pwr_ex.o
 .debug_info    0x000000000000639b      0xca5 Drivers/STM32G4xx_HAL_Driver/Src/stm32g4xx_hal_rcc.o
 .debug_info    0x0000000000007040      0xd92 Drivers/STM32G4xx_HAL_Driver/Src/stm32g4xx_hal_rcc_ex.o
 .debug_info    0x0000000000007dd2     0x19b5 Drivers/STM32G4xx_HAL_Driver/Src/stm32g4xx_ll_usb.o
 .debug_info    0x0000000000009787     0x1933 Middlewares/ST/STM32_USB_Device_Library/Class/CDC/Src/usbd_cdc.o
 .debug_info    0x000000000000b0ba     0x1368 Middlewares/ST/STM32_USB_Device_Library/Core/Src/usbd_core.o
 .debug_info    0x000000000000c422     0x1332 Middlewares/ST/STM32_USB_Device_Library/Core/Src/usbd_ctlreq.o
 .debug_info    0x000000000000d754     0x107d Middlewares/ST/STM32_USB_Device_Library/Core/Src/usbd_ioreq.o
 .debug_info    0x000000000000e7d1      0xff0 USB_Device/App/usb_device.o
 .debug_info    0x000000000000f7c1     0x1202 USB_Device/App/usbd_cdc_if.o
 .debug_info    0x00000000000109c3      0xe0c USB_Device/App/usbd_desc.o
 .debug_info    0x00000000000117cf     0x2184 USB_Device/Target/usbd_conf.o

.debug_abbrev   0x0000000000000000     0x2ba5
 .debug_abbrev  0x0000000000000000      0x206 Core/Src/main.o
 .debug_abbrev  0x0000000000000206      0x125 Core/Src/stm32g4xx_hal_msp.o
 .debug_abbrev  0x000000000000032b      0x155 Core/Src/stm32g4xx_it.o
 .debug_abbrev  0x0000000000000480      0x147 Core/Src/system_stm32g4xx.o
 .debug_abbrev  0x00000000000005c7       0x12 Core/Startup/startup_stm32g431kbtx.o
 .debug_abbrev  0x00000000000005d9      0x1fb Drivers/STM32G4xx_HAL_Driver/Src/stm32g4xx_hal.o
 .debug_abbrev  0x00000000000007d4      0x2f1 Drivers/STM32G4xx_HAL_Driver/Src/stm32g4xx_hal_cortex.o
 .debug_abbrev  0x0000000000000ac5      0x268 Drivers/STM32G4xx_HAL_Driver/Src/stm32g4xx_hal_pcd.o
 .debug_abbrev  0x0000000000000d2d      0x1eb Drivers/STM32G4xx_HAL_Driver/Src/stm32g4xx_hal_pcd_ex.o
 .debug_abbrev  0x0000000000000f18      0x1fd Drivers/STM32G4xx_HAL_Driver/Src/stm32g4xx_hal_pwr_ex.o
 .debug_abbrev  0x0000000000001115      0x245 Drivers/STM32G4xx_HAL_Driver/Src/stm32g4xx_hal_rcc.o
 .debug_abbrev  0x000000000000135a      0x204 Drivers/STM32G4xx_HAL_Driver/Src/stm32g4xx_hal_rcc_ex.o
 .debug_abbrev  0x000000000000155e      0x231 Drivers/STM32G4xx_HAL_Driver/Src/stm32g4xx_ll_usb.o
 .debug_abbrev  0x000000000000178f      0x2af Middlewares/ST/STM32_USB_Device_Library/Class/CDC/Src/usbd_cdc.o
 .debug_abbrev  0x0000000000001a3e      0x27d Middlewares/ST/STM32_USB_Device_Library/Core/Src/usbd_core.o
 .debug_abbrev  0x0000000000001cbb      0x2ba Middlewares/ST/STM32_USB_Device_Library/Core/Src/usbd_ctlreq.o
 .debug_abbrev  0x0000000000001f75      0x1fc Middlewares/ST/STM32_USB_Device_Library/Core/Src/usbd_ioreq.o
 .debug_abbrev  0x0000000000002171      0x1da USB_Device/App/usb_device.o
 .debug_abbrev  0x000000000000234b      0x2ca USB_Device/App/usbd_cdc_if.o
 .debug_abbrev  0x0000000000002615      0x290 USB_Device/App/usbd_desc.o
 .debug_abbrev  0x00000000000028a5      0x300 USB_Device/Target/usbd_conf.o

.debug_aranges  0x0000000000000000      0xc80
 .debug_aranges
                0x0000000000000000       0x38 Core/Src/main.o
 .debug_aranges
                0x0000000000000038       0x20 Core/Src/stm32g4xx_hal_msp.o
 .debug_aranges
                0x0000000000000058       0x68 Core/Src/stm32g4xx_it.o
 .debug_aranges
                0x00000000000000c0       0x28 Core/Src/system_stm32g4xx.o
 .debug_aranges
                0x00000000000000e8       0x28 Core/Startup/startup_stm32g431kbtx.o
 .debug_aranges
                0x0000000000000110      0x130 Drivers/STM32G4xx_HAL_Driver/Src/stm32g4xx_hal.o
 .debug_aranges
                0x0000000000000240      0x118 Drivers/STM32G4xx_HAL_Driver/Src/stm32g4xx_hal_cortex.o
 .debug_aranges
                0x0000000000000358      0x130 Drivers/STM32G4xx_HAL_Driver/Src/stm32g4xx_hal_pcd.o
 .debug_aranges
                0x0000000000000488       0x58 Drivers/STM32G4xx_HAL_Driver/Src/stm32g4xx_hal_pcd_ex.o
 .debug_aranges
                0x00000000000004e0      0x140 Drivers/STM32G4xx_HAL_Driver/Src/stm32g4xx_hal_pwr_ex.o
 .debug_aranges
                0x0000000000000620       0x98 Drivers/STM32G4xx_HAL_Driver/Src/stm32g4xx_hal_rcc.o
 .debug_aranges
                0x00000000000006b8       0xb0 Drivers/STM32G4xx_HAL_Driver/Src/stm32g4xx_hal_rcc_ex.o
 .debug_aranges
                0x0000000000000768      0x108 Drivers/STM32G4xx_HAL_Driver/Src/stm32g4xx_ll_usb.o
 .debug_aranges
                0x0000000000000870       0x90 Middlewares/ST/STM32_USB_Device_Library/Class/CDC/Src/usbd_cdc.o
 .debug_aranges
                0x0000000000000900       0xb8 Middlewares/ST/STM32_USB_Device_Library/Core/Src/usbd_core.o
 .debug_aranges
                0x00000000000009b8       0x90 Middlewares/ST/STM32_USB_Device_Library/Core/Src/usbd_ctlreq.o
 .debug_aranges
                0x0000000000000a48       0x50 Middlewares/ST/STM32_USB_Device_Library/Core/Src/usbd_ioreq.o
 .debug_aranges
                0x0000000000000a98       0x20 USB_Device/App/usb_device.o
 .debug_aranges
                0x0000000000000ab8       0x48 USB_Device/App/usbd_cdc_if.o
 .debug_aranges
                0x0000000000000b00       0x60 USB_Device/App/usbd_desc.o
 .debug_aranges
                0x0000000000000b60      0x120 USB_Device/Target/usbd_conf.o

.debug_ranges   0x0000000000000000      0xb38
 .debug_ranges  0x0000000000000000       0x28 Core/Src/main.o
 .debug_ranges  0x0000000000000028       0x10 Core/Src/stm32g4xx_hal_msp.o
 .debug_ranges  0x0000000000000038       0x58 Core/Src/stm32g4xx_it.o
 .debug_ranges  0x0000000000000090       0x18 Core/Src/system_stm32g4xx.o
 .debug_ranges  0x00000000000000a8       0x20 Core/Startup/startup_stm32g431kbtx.o
 .debug_ranges  0x00000000000000c8      0x120 Drivers/STM32G4xx_HAL_Driver/Src/stm32g4xx_hal.o
 .debug_ranges  0x00000000000001e8      0x108 Drivers/STM32G4xx_HAL_Driver/Src/stm32g4xx_hal_cortex.o
 .debug_ranges  0x00000000000002f0      0x120 Drivers/STM32G4xx_HAL_Driver/Src/stm32g4xx_hal_pcd.o
 .debug_ranges  0x0000000000000410       0x48 Drivers/STM32G4xx_HAL_Driver/Src/stm32g4xx_hal_pcd_ex.o
 .debug_ranges  0x0000000000000458      0x130 Drivers/STM32G4xx_HAL_Driver/Src/stm32g4xx_hal_pwr_ex.o
 .debug_ranges  0x0000000000000588       0x88 Drivers/STM32G4xx_HAL_Driver/Src/stm32g4xx_hal_rcc.o
 .debug_ranges  0x0000000000000610       0xa0 Drivers/STM32G4xx_HAL_Driver/Src/stm32g4xx_hal_rcc_ex.o
 .debug_ranges  0x00000000000006b0       0xf8 Drivers/STM32G4xx_HAL_Driver/Src/stm32g4xx_ll_usb.o
 .debug_ranges  0x00000000000007a8       0x80 Middlewares/ST/STM32_USB_Device_Library/Class/CDC/Src/usbd_cdc.o
 .debug_ranges  0x0000000000000828       0xa8 Middlewares/ST/STM32_USB_Device_Library/Core/Src/usbd_core.o
 .debug_ranges  0x00000000000008d0       0x80 Middlewares/ST/STM32_USB_Device_Library/Core/Src/usbd_ctlreq.o
 .debug_ranges  0x0000000000000950       0x40 Middlewares/ST/STM32_USB_Device_Library/Core/Src/usbd_ioreq.o
 .debug_ranges  0x0000000000000990       0x10 USB_Device/App/usb_device.o
 .debug_ranges  0x00000000000009a0       0x38 USB_Device/App/usbd_cdc_if.o
 .debug_ranges  0x00000000000009d8       0x50 USB_Device/App/usbd_desc.o
 .debug_ranges  0x0000000000000a28      0x110 USB_Device/Target/usbd_conf.o

.debug_macro    0x0000000000000000    0x1ede1
 .debug_macro   0x0000000000000000      0x3b6 Core/Src/main.o
 .debug_macro   0x00000000000003b6      0xa5a Core/Src/main.o
 .debug_macro   0x0000000000000e10      0x155 Core/Src/main.o
 .debug_macro   0x0000000000000f65       0x2e Core/Src/main.o
 .debug_macro   0x0000000000000f93       0x28 Core/Src/main.o
 .debug_macro   0x0000000000000fbb       0x22 Core/Src/main.o
 .debug_macro   0x0000000000000fdd       0x8e Core/Src/main.o
 .debug_macro   0x000000000000106b       0x51 Core/Src/main.o
 .debug_macro   0x00000000000010bc       0xef Core/Src/main.o
 .debug_macro   0x00000000000011ab       0x6a Core/Src/main.o
 .debug_macro   0x0000000000001215      0x1df Core/Src/main.o
 .debug_macro   0x00000000000013f4       0x1c Core/Src/main.o
 .debug_macro   0x0000000000001410       0x22 Core/Src/main.o
 .debug_macro   0x0000000000001432      0x101 Core/Src/main.o
 .debug_macro   0x0000000000001533     0x1011 Core/Src/main.o
 .debug_macro   0x0000000000002544      0x11f Core/Src/main.o
 .debug_macro   0x0000000000002663    0x1138f Core/Src/main.o
 .debug_macro   0x00000000000139f2       0x43 Core/Src/main.o
 .debug_macro   0x0000000000013a35     0x34ed Core/Src/main.o
 .debug_macro   0x0000000000016f22      0x174 Core/Src/main.o
 .debug_macro   0x0000000000017096       0x5a Core/Src/main.o
 .debug_macro   0x00000000000170f0     0x13de Core/Src/main.o
 .debug_macro   0x00000000000184ce      0x535 Core/Src/main.o
 .debug_macro   0x0000000000018a03      0x137 Core/Src/main.o
 .debug_macro   0x0000000000018b3a      0x289 Core/Src/main.o
 .debug_macro   0x0000000000018dc3      0x41d Core/Src/main.o
 .debug_macro   0x00000000000191e0      0x18b Core/Src/main.o
 .debug_macro   0x000000000001936b       0x43 Core/Src/main.o
 .debug_macro   0x00000000000193ae      0x23d Core/Src/main.o
 .debug_macro   0x00000000000195eb      0x212 Core/Src/main.o
 .debug_macro   0x00000000000197fd      0x401 Core/Src/main.o
 .debug_macro   0x0000000000019bfe      0x107 Core/Src/main.o
 .debug_macro   0x0000000000019d05       0x65 Core/Src/main.o
 .debug_macro   0x0000000000019d6a      0x234 Core/Src/main.o
 .debug_macro   0x0000000000019f9e      0x122 Core/Src/main.o
 .debug_macro   0x000000000001a0c0      0x3d1 Core/Src/main.o
 .debug_macro   0x000000000001a491      0x307 Core/Src/main.o
 .debug_macro   0x000000000001a798       0x46 Core/Src/main.o
 .debug_macro   0x000000000001a7de       0x18 Core/Src/main.o
 .debug_macro   0x000000000001a7f6       0x3c Core/Src/main.o
 .debug_macro   0x000000000001a832       0x34 Core/Src/main.o
 .debug_macro   0x000000000001a866       0x16 Core/Src/main.o
 .debug_macro   0x000000000001a87c       0x35 Core/Src/main.o
 .debug_macro   0x000000000001a8b1      0x32a Core/Src/main.o
 .debug_macro   0x000000000001abdb       0x10 Core/Src/main.o
 .debug_macro   0x000000000001abeb       0x52 Core/Src/main.o
 .debug_macro   0x000000000001ac3d       0x1f Core/Src/main.o
 .debug_macro   0x000000000001ac5c       0x43 Core/Src/main.o
 .debug_macro   0x000000000001ac9f       0x20 Core/Src/main.o
 .debug_macro   0x000000000001acbf      0x1a3 Core/Src/main.o
 .debug_macro   0x000000000001ae62       0x10 Core/Src/main.o
 .debug_macro   0x000000000001ae72       0x1c Core/Src/main.o
 .debug_macro   0x000000000001ae8e       0x52 Core/Src/main.o
 .debug_macro   0x000000000001aee0       0x40 Core/Src/main.o
 .debug_macro   0x000000000001af20       0x10 Core/Src/main.o
 .debug_macro   0x000000000001af30       0x40 Core/Src/main.o
 .debug_macro   0x000000000001af70       0xd7 Core/Src/main.o
 .debug_macro   0x000000000001b047       0x1c Core/Src/main.o
 .debug_macro   0x000000000001b063       0x3d Core/Src/main.o
 .debug_macro   0x000000000001b0a0       0x16 Core/Src/main.o
 .debug_macro   0x000000000001b0b6      0x145 Core/Src/main.o
 .debug_macro   0x000000000001b1fb       0x16 Core/Src/main.o
 .debug_macro   0x000000000001b211       0x16 Core/Src/main.o
 .debug_macro   0x000000000001b227       0x29 Core/Src/main.o
 .debug_macro   0x000000000001b250       0x16 Core/Src/main.o
 .debug_macro   0x000000000001b266       0x20 Core/Src/main.o
 .debug_macro   0x000000000001b286       0x5f Core/Src/main.o
 .debug_macro   0x000000000001b2e5      0x1c4 Core/Src/main.o
 .debug_macro   0x000000000001b4a9      0x1d4 Core/Src/stm32g4xx_hal_msp.o
 .debug_macro   0x000000000001b67d      0x1de Core/Src/stm32g4xx_it.o
 .debug_macro   0x000000000001b85b      0x1d0 Core/Src/system_stm32g4xx.o
 .debug_macro   0x000000000001ba2b      0x218 Drivers/STM32G4xx_HAL_Driver/Src/stm32g4xx_hal.o
 .debug_macro   0x000000000001bc43      0x1ca Drivers/STM32G4xx_HAL_Driver/Src/stm32g4xx_hal_cortex.o
 .debug_macro   0x000000000001be0d      0x1d6 Drivers/STM32G4xx_HAL_Driver/Src/stm32g4xx_hal_pcd.o
 .debug_macro   0x000000000001bfe3      0x1ca Drivers/STM32G4xx_HAL_Driver/Src/stm32g4xx_hal_pcd_ex.o
 .debug_macro   0x000000000001c1ad      0x1f4 Drivers/STM32G4xx_HAL_Driver/Src/stm32g4xx_hal_pwr_ex.o
 .debug_macro   0x000000000001c3a1      0x206 Drivers/STM32G4xx_HAL_Driver/Src/stm32g4xx_hal_rcc.o
 .debug_macro   0x000000000001c5a7      0x1f4 Drivers/STM32G4xx_HAL_Driver/Src/stm32g4xx_hal_rcc_ex.o
 .debug_macro   0x000000000001c79b      0x1ca Drivers/STM32G4xx_HAL_Driver/Src/stm32g4xx_ll_usb.o
 .debug_macro   0x000000000001c965      0x3d7 Middlewares/ST/STM32_USB_Device_Library/Class/CDC/Src/usbd_cdc.o
 .debug_macro   0x000000000001cd3c       0x97 Middlewares/ST/STM32_USB_Device_Library/Class/CDC/Src/usbd_cdc.o
 .debug_macro   0x000000000001cdd3       0xfd Middlewares/ST/STM32_USB_Device_Library/Class/CDC/Src/usbd_cdc.o
 .debug_macro   0x000000000001ced0       0xfb Middlewares/ST/STM32_USB_Device_Library/Class/CDC/Src/usbd_cdc.o
 .debug_macro   0x000000000001cfcb       0x54 Middlewares/ST/STM32_USB_Device_Library/Class/CDC/Src/usbd_cdc.o
 .debug_macro   0x000000000001d01f       0x8f Middlewares/ST/STM32_USB_Device_Library/Class/CDC/Src/usbd_cdc.o
 .debug_macro   0x000000000001d0ae      0x3be Middlewares/ST/STM32_USB_Device_Library/Core/Src/usbd_core.o
 .debug_macro   0x000000000001d46c      0x1ca Middlewares/ST/STM32_USB_Device_Library/Core/Src/usbd_core.o
 .debug_macro   0x000000000001d636      0x3c8 Middlewares/ST/STM32_USB_Device_Library/Core/Src/usbd_ctlreq.o
 .debug_macro   0x000000000001d9fe      0x3c4 Middlewares/ST/STM32_USB_Device_Library/Core/Src/usbd_ioreq.o
 .debug_macro   0x000000000001ddc2      0x3fd USB_Device/App/usb_device.o
 .debug_macro   0x000000000001e1bf       0x22 USB_Device/App/usb_device.o
 .debug_macro   0x000000000001e1e1       0x16 USB_Device/App/usb_device.o
 .debug_macro   0x000000000001e1f7      0x3e2 USB_Device/App/usbd_cdc_if.o
 .debug_macro   0x000000000001e5d9       0x10 USB_Device/App/usbd_cdc_if.o
 .debug_macro   0x000000000001e5e9      0x3fb USB_Device/App/usbd_desc.o
 .debug_macro   0x000000000001e9e4       0x1c USB_Device/App/usbd_desc.o
 .debug_macro   0x000000000001ea00      0x3e1 USB_Device/Target/usbd_conf.o

.debug_line     0x0000000000000000     0xcbaa
 .debug_line    0x0000000000000000      0x9bb Core/Src/main.o
 .debug_line    0x00000000000009bb      0x6c0 Core/Src/stm32g4xx_hal_msp.o
 .debug_line    0x000000000000107b      0x775 Core/Src/stm32g4xx_it.o
 .debug_line    0x00000000000017f0      0x6d9 Core/Src/system_stm32g4xx.o
 .debug_line    0x0000000000001ec9       0x89 Core/Startup/startup_stm32g431kbtx.o
 .debug_line    0x0000000000001f52      0x95f Drivers/STM32G4xx_HAL_Driver/Src/stm32g4xx_hal.o
 .debug_line    0x00000000000028b1      0x9e7 Drivers/STM32G4xx_HAL_Driver/Src/stm32g4xx_hal_cortex.o
 .debug_line    0x0000000000003298      0xc95 Drivers/STM32G4xx_HAL_Driver/Src/stm32g4xx_hal_pcd.o
 .debug_line    0x0000000000003f2d      0x786 Drivers/STM32G4xx_HAL_Driver/Src/stm32g4xx_hal_pcd_ex.o
 .debug_line    0x00000000000046b3      0xa4a Drivers/STM32G4xx_HAL_Driver/Src/stm32g4xx_hal_pwr_ex.o
 .debug_line    0x00000000000050fd      0x99e Drivers/STM32G4xx_HAL_Driver/Src/stm32g4xx_hal_rcc.o
 .debug_line    0x0000000000005a9b      0xb48 Drivers/STM32G4xx_HAL_Driver/Src/stm32g4xx_hal_rcc_ex.o
 .debug_line    0x00000000000065e3      0xd66 Drivers/STM32G4xx_HAL_Driver/Src/stm32g4xx_ll_usb.o
 .debug_line    0x0000000000007349      0xb75 Middlewares/ST/STM32_USB_Device_Library/Class/CDC/Src/usbd_cdc.o
 .debug_line    0x0000000000007ebe      0xb92 Middlewares/ST/STM32_USB_Device_Library/Core/Src/usbd_core.o
 .debug_line    0x0000000000008a50      0xc8a Middlewares/ST/STM32_USB_Device_Library/Core/Src/usbd_ctlreq.o
 .debug_line    0x00000000000096da      0xa10 Middlewares/ST/STM32_USB_Device_Library/Core/Src/usbd_ioreq.o
 .debug_line    0x000000000000a0ea      0x9f2 USB_Device/App/usb_device.o
 .debug_line    0x000000000000aadc      0xa38 USB_Device/App/usbd_cdc_if.o
 .debug_line    0x000000000000b514      0xa44 USB_Device/App/usbd_desc.o
 .debug_line    0x000000000000bf58      0xc52 USB_Device/Target/usbd_conf.o

.debug_str      0x0000000000000000    0xb4688
 .debug_str     0x0000000000000000    0xb0c0c Core/Src/main.o
                                      0xb0f8f (size before relaxing)
 .debug_str     0x00000000000b0c0c       0x2c Core/Src/stm32g4xx_hal_msp.o
                                      0xac143 (size before relaxing)
 .debug_str     0x00000000000b0c38      0x3bd Core/Src/stm32g4xx_it.o
                                      0xac404 (size before relaxing)
 .debug_str     0x00000000000b0ff5       0xc6 Core/Src/system_stm32g4xx.o
                                      0xac1cc (size before relaxing)
 .debug_str     0x00000000000b10bb       0x36 Core/Startup/startup_stm32g431kbtx.o
                                         0x69 (size before relaxing)
 .debug_str     0x00000000000b10f1      0x9d1 Drivers/STM32G4xx_HAL_Driver/Src/stm32g4xx_hal.o
                                      0xacc8a (size before relaxing)
 .debug_str     0x00000000000b1ac2      0x395 Drivers/STM32G4xx_HAL_Driver/Src/stm32g4xx_hal_cortex.o
                                      0xac992 (size before relaxing)
 .debug_str     0x00000000000b1e57      0x3d8 Drivers/STM32G4xx_HAL_Driver/Src/stm32g4xx_hal_pcd.o
                                      0xac780 (size before relaxing)
 .debug_str     0x00000000000b222f      0x1c6 Drivers/STM32G4xx_HAL_Driver/Src/stm32g4xx_hal_pcd_ex.o
                                      0xac558 (size before relaxing)
 .debug_str     0x00000000000b23f5      0x519 Drivers/STM32G4xx_HAL_Driver/Src/stm32g4xx_hal_pwr_ex.o
                                      0xac6ab (size before relaxing)
 .debug_str     0x00000000000b290e      0x40d Drivers/STM32G4xx_HAL_Driver/Src/stm32g4xx_hal_rcc.o
                                      0xac745 (size before relaxing)
 .debug_str     0x00000000000b2d1b      0x40d Drivers/STM32G4xx_HAL_Driver/Src/stm32g4xx_hal_rcc_ex.o
                                      0xac85e (size before relaxing)
 .debug_str     0x00000000000b3128      0x2fb Drivers/STM32G4xx_HAL_Driver/Src/stm32g4xx_ll_usb.o
                                      0xac57c (size before relaxing)
 .debug_str     0x00000000000b3423      0x92b Middlewares/ST/STM32_USB_Device_Library/Class/CDC/Src/usbd_cdc.o
                                      0xb1863 (size before relaxing)
 .debug_str     0x00000000000b3d4e      0x1a2 Middlewares/ST/STM32_USB_Device_Library/Core/Src/usbd_core.o
                                      0xb1132 (size before relaxing)
 .debug_str     0x00000000000b3ef0      0x15b Middlewares/ST/STM32_USB_Device_Library/Core/Src/usbd_ctlreq.o
                                      0xb10f0 (size before relaxing)
 .debug_str     0x00000000000b404b       0xc9 Middlewares/ST/STM32_USB_Device_Library/Core/Src/usbd_ioreq.o
                                      0xb1040 (size before relaxing)
 .debug_str     0x00000000000b4114      0x119 USB_Device/App/usb_device.o
                                      0xb13b5 (size before relaxing)
 .debug_str     0x00000000000b422d       0x9a USB_Device/App/usbd_cdc_if.o
                                      0xb1406 (size before relaxing)
 .debug_str     0x00000000000b42c7      0x254 USB_Device/App/usbd_desc.o
                                      0xb0f79 (size before relaxing)
 .debug_str     0x00000000000b451b      0x16d USB_Device/Target/usbd_conf.o
                                      0xb1edc (size before relaxing)

.comment        0x0000000000000000       0x7b
 .comment       0x0000000000000000       0x7b Core/Src/main.o
                                         0x7c (size before relaxing)
 .comment       0x000000000000007b       0x7c Core/Src/stm32g4xx_hal_msp.o
 .comment       0x000000000000007b       0x7c Core/Src/stm32g4xx_it.o
 .comment       0x000000000000007b       0x7c Core/Src/system_stm32g4xx.o
 .comment       0x000000000000007b       0x7c Drivers/STM32G4xx_HAL_Driver/Src/stm32g4xx_hal.o
 .comment       0x000000000000007b       0x7c Drivers/STM32G4xx_HAL_Driver/Src/stm32g4xx_hal_cortex.o
 .comment       0x000000000000007b       0x7c Drivers/STM32G4xx_HAL_Driver/Src/stm32g4xx_hal_pcd.o
 .comment       0x000000000000007b       0x7c Drivers/STM32G4xx_HAL_Driver/Src/stm32g4xx_hal_pcd_ex.o
 .comment       0x000000000000007b       0x7c Drivers/STM32G4xx_HAL_Driver/Src/stm32g4xx_hal_pwr_ex.o
 .comment       0x000000000000007b       0x7c Drivers/STM32G4xx_HAL_Driver/Src/stm32g4xx_hal_rcc.o
 .comment       0x000000000000007b       0x7c Drivers/STM32G4xx_HAL_Driver/Src/stm32g4xx_hal_rcc_ex.o
 .comment       0x000000000000007b       0x7c Drivers/STM32G4xx_HAL_Driver/Src/stm32g4xx_ll_usb.o
 .comment       0x000000000000007b       0x7c Middlewares/ST/STM32_USB_Device_Library/Class/CDC/Src/usbd_cdc.o
 .comment       0x000000000000007b       0x7c Middlewares/ST/STM32_USB_Device_Library/Core/Src/usbd_core.o
 .comment       0x000000000000007b       0x7c Middlewares/ST/STM32_USB_Device_Library/Core/Src/usbd_ctlreq.o
 .comment       0x000000000000007b       0x7c Middlewares/ST/STM32_USB_Device_Library/Core/Src/usbd_ioreq.o
 .comment       0x000000000000007b       0x7c USB_Device/App/usb_device.o
 .comment       0x000000000000007b       0x7c USB_Device/App/usbd_cdc_if.o
 .comment       0x000000000000007b       0x7c USB_Device/App/usbd_desc.o
 .comment       0x000000000000007b       0x7c USB_Device/Target/usbd_conf.o

.debug_frame    0x0000000000000000     0x30d8
 .debug_frame   0x0000000000000000       0x9c Core/Src/main.o
 .debug_frame   0x000000000000009c       0x34 Core/Src/stm32g4xx_hal_msp.o
 .debug_frame   0x00000000000000d0      0x128 Core/Src/stm32g4xx_it.o
 .debug_frame   0x00000000000001f8       0x58 Core/Src/system_stm32g4xx.o
 .debug_frame   0x0000000000000250      0x4a0 Drivers/STM32G4xx_HAL_Driver/Src/stm32g4xx_hal.o
 .debug_frame   0x00000000000006f0      0x498 Drivers/STM32G4xx_HAL_Driver/Src/stm32g4xx_hal_cortex.o
 .debug_frame   0x0000000000000b88      0x554 Drivers/STM32G4xx_HAL_Driver/Src/stm32g4xx_hal_pcd.o
 .debug_frame   0x00000000000010dc      0x14c Drivers/STM32G4xx_HAL_Driver/Src/stm32g4xx_hal_pcd_ex.o
 .debug_frame   0x0000000000001228      0x4fc Drivers/STM32G4xx_HAL_Driver/Src/stm32g4xx_hal_pwr_ex.o
 .debug_frame   0x0000000000001724      0x23c Drivers/STM32G4xx_HAL_Driver/Src/stm32g4xx_hal_rcc.o
 .debug_frame   0x0000000000001960      0x2ac Drivers/STM32G4xx_HAL_Driver/Src/stm32g4xx_hal_rcc_ex.o
 .debug_frame   0x0000000000001c0c      0x4c8 Drivers/STM32G4xx_HAL_Driver/Src/stm32g4xx_ll_usb.o
 .debug_frame   0x00000000000020d4      0x248 Middlewares/ST/STM32_USB_Device_Library/Class/CDC/Src/usbd_cdc.o
 .debug_frame   0x000000000000231c      0x2fc Middlewares/ST/STM32_USB_Device_Library/Core/Src/usbd_core.o
 .debug_frame   0x0000000000002618      0x23c Middlewares/ST/STM32_USB_Device_Library/Core/Src/usbd_ctlreq.o
 .debug_frame   0x0000000000002854      0x10c Middlewares/ST/STM32_USB_Device_Library/Core/Src/usbd_ioreq.o
 .debug_frame   0x0000000000002960       0x2c USB_Device/App/usb_device.o
 .debug_frame   0x000000000000298c       0xe4 USB_Device/App/usbd_cdc_if.o
 .debug_frame   0x0000000000002a70      0x160 USB_Device/App/usbd_desc.o
 .debug_frame   0x0000000000002bd0      0x4bc USB_Device/Target/usbd_conf.o
 .debug_frame   0x000000000000308c       0x2c d:/st/stm32cubeide_1.4.0/stm32cubeide/plugins/com.st.stm32cube.ide.mcu.externaltools.gnu-tools-for-stm32.7-2018-q2-update.win32_1.4.0.202007081208/tools/bin/../lib/gcc/arm-none-eabi/7.3.1/../../../../arm-none-eabi/lib/thumb/v7e-m/fpv4-sp/hard\libc_nano.a(lib_a-init.o)
 .debug_frame   0x00000000000030b8       0x20 d:/st/stm32cubeide_1.4.0/stm32cubeide/plugins/com.st.stm32cube.ide.mcu.externaltools.gnu-tools-for-stm32.7-2018-q2-update.win32_1.4.0.202007081208/tools/bin/../lib/gcc/arm-none-eabi/7.3.1/../../../../arm-none-eabi/lib/thumb/v7e-m/fpv4-sp/hard\libc_nano.a(lib_a-memset.o)
